🧪 CLI backtest: exchange=hl symbols=BTC-USDC tf=[900, 1800, 3600, 14400] depth=51d capital=1000 allocation=10%
[fetching 5 pages · 4999 candles] BTC-USDC 900s
[fetching 5 pages · 4999 candles] BTC-USDC 900s
[fetching 3 pages · 3002 candles] BTC-USDC 1800s
[fetching 3 pages · 3002 candles] BTC-USDC 1800s
[fetching 2 pages · 2001 candles] BTC-USDC 3600s
[fetching 2 pages · 2001 candles] BTC-USDC 3600s
[fetching 1 pages · 1000 candles] BTC-USDC 14400s
[fetching 1 pages · 1000 candles] BTC-USDC 14400s
[warming    25%] warming BTC-USDC 900s (1/4)
[warming    50%] warming BTC-USDC 1800s (2/4)
[warming    75%] warming BTC-USDC 3600s (3/4)
[warming   100%] warming BTC-USDC 14400s (4/4)
[replaying   1%] replaying BTC-USDC @ 1787361300
[replaying   2%] replaying BTC-USDC @ 1787362200
[replaying   3%] replaying BTC-USDC @ 1787363100
[replaying   4%] replaying BTC-USDC @ 1787364000
[replaying   5%] replaying BTC-USDC @ 1787364900
[replaying   6%] replaying BTC-USDC @ 1787365800
[replaying   7%] replaying BTC-USDC @ 1787366700
[replaying   8%] replaying BTC-USDC @ 1787367600
[replaying   9%] replaying BTC-USDC @ 1787368500
[replaying  11%] replaying BTC-USDC @ 1787369400
[replaying  12%] replaying BTC-USDC @ 1787370300
[replaying  13%] replaying BTC-USDC @ 1787371200
[replaying  14%] replaying BTC-USDC @ 1787372100
[replaying  15%] replaying BTC-USDC @ 1787373000
[replaying  16%] replaying BTC-USDC @ 1787373900
[replaying  17%] replaying BTC-USDC @ 1787374800
[replaying  18%] replaying BTC-USDC @ 1787375700
[replaying  19%] replaying BTC-USDC @ 1787376600
[replaying  20%] replaying BTC-USDC @ 1787377500
[replaying  21%] replaying BTC-USDC @ 1787378400
[replaying  22%] replaying BTC-USDC @ 1787379300
[replaying  23%] replaying BTC-USDC @ 1787380200
[replaying  24%] replaying BTC-USDC @ 1787381100
[replaying  25%] replaying BTC-USDC @ 1787382000
[replaying  26%] replaying BTC-USDC @ 1787382900
[replaying  27%] replaying BTC-USDC @ 1787383800
[replaying  28%] replaying BTC-USDC @ 1787384700
[replaying  29%] replaying BTC-USDC @ 1787385600
[replaying  31%] replaying BTC-USDC @ 1787386500
[replaying  32%] replaying BTC-USDC @ 1787387400
[replaying  33%] replaying BTC-USDC @ 1787388300
[replaying  34%] replaying BTC-USDC @ 1787389200
[replaying  35%] replaying BTC-USDC @ 1787390100
[replaying  36%] replaying BTC-USDC @ 1787391000
[replaying  37%] replaying BTC-USDC @ 1787391900
[replaying  38%] replaying BTC-USDC @ 1787392800
[replaying  39%] replaying BTC-USDC @ 1787393700
[replaying  40%] replaying BTC-USDC @ 1787394600
[replaying  41%] replaying BTC-USDC @ 1787395500
[replaying  42%] replaying BTC-USDC @ 1787396400
[replaying  43%] replaying BTC-USDC @ 1787397300
[replaying  44%] replaying BTC-USDC @ 1787398200
[replaying  45%] replaying BTC-USDC @ 1787399100
[replaying  46%] replaying BTC-USDC @ 1787400000
[replaying  47%] replaying BTC-USDC @ 1787400900
[replaying  48%] replaying BTC-USDC @ 1787401800
[replaying  49%] replaying BTC-USDC @ 1787402700
[replaying  51%] replaying BTC-USDC @ 1787403600
[replaying  52%] replaying BTC-USDC @ 1787404500
[replaying  53%] replaying BTC-USDC @ 1787405400
[replaying  54%] replaying BTC-USDC @ 1787406300
[replaying  55%] replaying BTC-USDC @ 1787407200
[replaying  56%] replaying BTC-USDC @ 1787408100
[replaying  57%] replaying BTC-USDC @ 1787409000
[replaying  58%] replaying BTC-USDC @ 1787409900
[replaying  59%] replaying BTC-USDC @ 1787410800
[replaying  60%] replaying BTC-USDC @ 1787411700
[replaying  61%] replaying BTC-USDC @ 1787412600
[replaying  62%] replaying BTC-USDC @ 1787413500
[replaying  63%] replaying BTC-USDC @ 1787414400
[replaying  64%] replaying BTC-USDC @ 1787415300
[replaying  65%] replaying BTC-USDC @ 1787416200
[replaying  66%] replaying BTC-USDC @ 1787417100
[replaying  67%] replaying BTC-USDC @ 1787418000
[replaying  68%] replaying BTC-USDC @ 1787418900
[replaying  69%] replaying BTC-USDC @ 1787419800
[replaying  71%] replaying BTC-USDC @ 1787420700
[replaying  72%] replaying BTC-USDC @ 1787421600
[replaying  73%] replaying BTC-USDC @ 1787422500
[replaying  74%] replaying BTC-USDC @ 1787423400
[replaying  75%] replaying BTC-USDC @ 1787424300
[replaying  76%] replaying BTC-USDC @ 1787425200
[replaying  77%] replaying BTC-USDC @ 1787426100
[replaying  78%] replaying BTC-USDC @ 1787427000
[replaying  79%] replaying BTC-USDC @ 1787427900
[replaying  80%] replaying BTC-USDC @ 1787428800
[replaying  81%] replaying BTC-USDC @ 1787429700
[replaying  82%] replaying BTC-USDC @ 1787430600
[replaying  83%] replaying BTC-USDC @ 1787431500
[replaying  84%] replaying BTC-USDC @ 1787432400
[replaying  85%] replaying BTC-USDC @ 1787433300
[replaying  86%] replaying BTC-USDC @ 1787434200
[replaying  87%] replaying BTC-USDC @ 1787435100
[replaying  88%] replaying BTC-USDC @ 1787436000
[replaying  89%] replaying BTC-USDC @ 1787436900
[replaying  91%] replaying BTC-USDC @ 1787437800
[replaying  92%] replaying BTC-USDC @ 1787438700
[replaying  93%] replaying BTC-USDC @ 1787439600
[replaying  94%] replaying BTC-USDC @ 1787440500
[replaying  95%] replaying BTC-USDC @ 1787441400
[replaying  96%] replaying BTC-USDC @ 1787442300
[replaying  97%] replaying BTC-USDC @ 1787443200
[replaying  98%] replaying BTC-USDC @ 1787444100
[replaying  99%] replaying BTC-USDC @ 1787445000
[replaying 100%] replaying BTC-USDC @ 1787445900
[analyzing 100%] analysis complete
OK run=8 trades=0 equity_points=95 final_equity=1000.00
