🧪 CLI backtest: exchange=bitget symbols=BTC-USDT tf=[60, 300, 900, 1800] depth=7d capital=1000 allocation=10%
[fetching 2 pages · 399 candles] BTC-USDT 1800s
[fetching 2 pages · 399 candles] BTC-USDT 1800s
[warming    25%] warming BTC-USDT 60s (1/4)
[warming    50%] warming BTC-USDT 300s (2/4)
[warming    75%] warming BTC-USDT 900s (3/4)
[warming   100%] warming BTC-USDT 1800s (4/4)
[replaying   0%] replaying BTC-USDT @ 1787449800
[replaying   0%] replaying BTC-USDT @ 1787449860
[replaying   0%] replaying BTC-USDT @ 1787449920
[replaying   0%] replaying BTC-USDT @ 1787449980
[replaying   0%] replaying BTC-USDT @ 1787450040
[replaying   1%] replaying BTC-USDT @ 1787450100
[replaying   1%] replaying BTC-USDT @ 1787450160
[replaying   1%] replaying BTC-USDT @ 1787450220
[replaying   1%] replaying BTC-USDT @ 1787450280
[replaying   1%] replaying BTC-USDT @ 1787450340
[replaying   1%] replaying BTC-USDT @ 1787450400
[replaying   1%] replaying BTC-USDT @ 1787450460
[replaying   1%] replaying BTC-USDT @ 1787450520
[replaying   1%] replaying BTC-USDT @ 1787450580
[replaying   1%] replaying BTC-USDT @ 1787450640
[replaying   1%] replaying BTC-USDT @ 1787450700
[replaying   2%] replaying BTC-USDT @ 1787450760
[replaying   2%] replaying BTC-USDT @ 1787450820
[replaying   2%] replaying BTC-USDT @ 1787450880
[replaying   2%] replaying BTC-USDT @ 1787450940
[replaying   2%] replaying BTC-USDT @ 1787451000
[replaying   2%] replaying BTC-USDT @ 1787451060
[replaying   2%] replaying BTC-USDT @ 1787451120
[replaying   2%] replaying BTC-USDT @ 1787451180
[replaying   2%] replaying BTC-USDT @ 1787451240
[replaying   2%] replaying BTC-USDT @ 1787451300
[replaying   3%] replaying BTC-USDT @ 1787451360
[replaying   3%] replaying BTC-USDT @ 1787451420
[replaying   3%] replaying BTC-USDT @ 1787451480
[replaying   3%] replaying BTC-USDT @ 1787451540
[replaying   3%] replaying BTC-USDT @ 1787451600
[replaying   3%] replaying BTC-USDT @ 1787451660
[replaying   3%] replaying BTC-USDT @ 1787451720
[replaying   3%] replaying BTC-USDT @ 1787451780
[replaying   3%] replaying BTC-USDT @ 1787451840
[replaying   3%] replaying BTC-USDT @ 1787451900
[replaying   3%] replaying BTC-USDT @ 1787451960
[replaying   4%] replaying BTC-USDT @ 1787452020
[replaying   4%] replaying BTC-USDT @ 1787452080
[replaying   4%] replaying BTC-USDT @ 1787452140
[replaying   4%] replaying BTC-USDT @ 1787452200
[replaying   4%] replaying BTC-USDT @ 1787452260
[replaying   4%] replaying BTC-USDT @ 1787452320
[replaying   4%] replaying BTC-USDT @ 1787452380
[replaying   4%] replaying BTC-USDT @ 1787452440
[replaying   4%] replaying BTC-USDT @ 1787452500
[replaying   4%] replaying BTC-USDT @ 1787452560
[replaying   4%] replaying BTC-USDT @ 1787452620
[replaying   5%] replaying BTC-USDT @ 1787452680
[replaying   5%] replaying BTC-USDT @ 1787452740
[replaying   5%] replaying BTC-USDT @ 1787452800
[replaying   5%] replaying BTC-USDT @ 1787452860
[replaying   5%] replaying BTC-USDT @ 1787452920
[replaying   5%] replaying BTC-USDT @ 1787452980
[replaying   5%] replaying BTC-USDT @ 1787453040
[replaying   5%] replaying BTC-USDT @ 1787453100
[replaying   5%] replaying BTC-USDT @ 1787453160
[replaying   5%] replaying BTC-USDT @ 1787453220
[replaying   6%] replaying BTC-USDT @ 1787453280
[replaying   6%] replaying BTC-USDT @ 1787453340
[replaying   6%] replaying BTC-USDT @ 1787453400
[replaying   6%] replaying BTC-USDT @ 1787453460
[replaying   6%] replaying BTC-USDT @ 1787453520
[replaying   6%] replaying BTC-USDT @ 1787453580
[replaying   6%] replaying BTC-USDT @ 1787453640
[replaying   6%] replaying BTC-USDT @ 1787453700
[replaying   6%] replaying BTC-USDT @ 1787453760
[replaying   6%] replaying BTC-USDT @ 1787453820
[replaying   6%] replaying BTC-USDT @ 1787453880
[replaying   7%] replaying BTC-USDT @ 1787453940
[replaying   7%] replaying BTC-USDT @ 1787454000
[replaying   7%] replaying BTC-USDT @ 1787454060
[replaying   7%] replaying BTC-USDT @ 1787454120
[replaying   7%] replaying BTC-USDT @ 1787454180
[replaying   7%] replaying BTC-USDT @ 1787454240
[replaying   7%] replaying BTC-USDT @ 1787454300
[replaying   7%] replaying BTC-USDT @ 1787454360
[replaying   7%] replaying BTC-USDT @ 1787454420
[replaying   7%] replaying BTC-USDT @ 1787454480
[replaying   7%] replaying BTC-USDT @ 1787454540
[replaying   8%] replaying BTC-USDT @ 1787454600
[replaying   8%] replaying BTC-USDT @ 1787454660
[replaying   8%] replaying BTC-USDT @ 1787454720
[replaying   8%] replaying BTC-USDT @ 1787454780
[replaying   8%] replaying BTC-USDT @ 1787454840
[replaying   8%] replaying BTC-USDT @ 1787454900
[replaying   8%] replaying BTC-USDT @ 1787454960
[replaying   8%] replaying BTC-USDT @ 1787455020
[replaying   8%] replaying BTC-USDT @ 1787455080
[replaying   8%] replaying BTC-USDT @ 1787455140
[replaying   9%] replaying BTC-USDT @ 1787455200
[replaying   9%] replaying BTC-USDT @ 1787455260
[replaying   9%] replaying BTC-USDT @ 1787455320
[replaying   9%] replaying BTC-USDT @ 1787455380
[replaying   9%] replaying BTC-USDT @ 1787455440
[replaying   9%] replaying BTC-USDT @ 1787455500
[replaying   9%] replaying BTC-USDT @ 1787455560
[replaying   9%] replaying BTC-USDT @ 1787455620
[replaying   9%] replaying BTC-USDT @ 1787455680
[replaying   9%] replaying BTC-USDT @ 1787455740
[replaying   9%] replaying BTC-USDT @ 1787455800
[replaying  10%] replaying BTC-USDT @ 1787455860
[replaying  10%] replaying BTC-USDT @ 1787455920
[replaying  10%] replaying BTC-USDT @ 1787455980
[replaying  10%] replaying BTC-USDT @ 1787456040
[replaying  10%] replaying BTC-USDT @ 1787456100
[replaying  10%] replaying BTC-USDT @ 1787456160
[replaying  10%] replaying BTC-USDT @ 1787456220
[replaying  10%] replaying BTC-USDT @ 1787456280
[replaying  10%] replaying BTC-USDT @ 1787456340
[replaying  10%] replaying BTC-USDT @ 1787456400
[replaying  10%] replaying BTC-USDT @ 1787456460
[replaying  11%] replaying BTC-USDT @ 1787456520
[replaying  11%] replaying BTC-USDT @ 1787456580
[replaying  11%] replaying BTC-USDT @ 1787456640
[replaying  11%] replaying BTC-USDT @ 1787456700
[replaying  11%] replaying BTC-USDT @ 1787456760
[replaying  11%] replaying BTC-USDT @ 1787456820
[replaying  11%] replaying BTC-USDT @ 1787456880
[replaying  11%] replaying BTC-USDT @ 1787456940
[replaying  11%] replaying BTC-USDT @ 1787457000
[replaying  11%] replaying BTC-USDT @ 1787457060
[replaying  11%] replaying BTC-USDT @ 1787457120
[replaying  12%] replaying BTC-USDT @ 1787457180
[replaying  12%] replaying BTC-USDT @ 1787457240
[replaying  12%] replaying BTC-USDT @ 1787457300
[replaying  12%] replaying BTC-USDT @ 1787457360
[replaying  12%] replaying BTC-USDT @ 1787457420
[replaying  12%] replaying BTC-USDT @ 1787457480
[replaying  12%] replaying BTC-USDT @ 1787457540
[replaying  12%] replaying BTC-USDT @ 1787457600
[replaying  12%] replaying BTC-USDT @ 1787457660
[replaying  12%] replaying BTC-USDT @ 1787457720
[replaying  13%] replaying BTC-USDT @ 1787457780
[replaying  13%] replaying BTC-USDT @ 1787457840
[replaying  13%] replaying BTC-USDT @ 1787457900
[replaying  13%] replaying BTC-USDT @ 1787457960
[replaying  13%] replaying BTC-USDT @ 1787458020
[replaying  13%] replaying BTC-USDT @ 1787458080
[replaying  13%] replaying BTC-USDT @ 1787458140
[replaying  13%] replaying BTC-USDT @ 1787458200
[replaying  13%] replaying BTC-USDT @ 1787458260
[replaying  13%] replaying BTC-USDT @ 1787458320
[replaying  13%] replaying BTC-USDT @ 1787458380
[replaying  14%] replaying BTC-USDT @ 1787458440
[replaying  14%] replaying BTC-USDT @ 1787458500
[replaying  14%] replaying BTC-USDT @ 1787458560
[replaying  14%] replaying BTC-USDT @ 1787458620
[replaying  14%] replaying BTC-USDT @ 1787458680
[replaying  14%] replaying BTC-USDT @ 1787458740
[replaying  14%] replaying BTC-USDT @ 1787458800
[replaying  14%] replaying BTC-USDT @ 1787458860
[replaying  14%] replaying BTC-USDT @ 1787458920
[replaying  14%] replaying BTC-USDT @ 1787458980
[replaying  14%] replaying BTC-USDT @ 1787459040
[replaying  15%] replaying BTC-USDT @ 1787459100
[replaying  15%] replaying BTC-USDT @ 1787459160
[replaying  15%] replaying BTC-USDT @ 1787459220
[replaying  15%] replaying BTC-USDT @ 1787459280
[replaying  15%] replaying BTC-USDT @ 1787459340
[replaying  15%] replaying BTC-USDT @ 1787459400
[replaying  15%] replaying BTC-USDT @ 1787459460
[replaying  15%] replaying BTC-USDT @ 1787459520
[replaying  15%] replaying BTC-USDT @ 1787459580
[replaying  15%] replaying BTC-USDT @ 1787459640
[replaying  16%] replaying BTC-USDT @ 1787459700
[replaying  16%] replaying BTC-USDT @ 1787459760
[replaying  16%] replaying BTC-USDT @ 1787459820
[replaying  16%] replaying BTC-USDT @ 1787459880
[replaying  16%] replaying BTC-USDT @ 1787459940
[replaying  16%] replaying BTC-USDT @ 1787460000
[replaying  16%] replaying BTC-USDT @ 1787460060
[replaying  16%] replaying BTC-USDT @ 1787460120
[replaying  16%] replaying BTC-USDT @ 1787460180
[replaying  16%] replaying BTC-USDT @ 1787460240
[replaying  16%] replaying BTC-USDT @ 1787460300
[replaying  17%] replaying BTC-USDT @ 1787460360
[replaying  17%] replaying BTC-USDT @ 1787460420
[replaying  17%] replaying BTC-USDT @ 1787460480
[replaying  17%] replaying BTC-USDT @ 1787460540
[replaying  17%] replaying BTC-USDT @ 1787460600
[replaying  17%] replaying BTC-USDT @ 1787460660
[replaying  17%] replaying BTC-USDT @ 1787460720
[replaying  17%] replaying BTC-USDT @ 1787460780
[replaying  17%] replaying BTC-USDT @ 1787460840
[replaying  17%] replaying BTC-USDT @ 1787460900
[replaying  17%] replaying BTC-USDT @ 1787460960
[replaying  18%] replaying BTC-USDT @ 1787461020
[replaying  18%] replaying BTC-USDT @ 1787461080
[replaying  18%] replaying BTC-USDT @ 1787461140
[replaying  18%] replaying BTC-USDT @ 1787461200
[replaying  18%] replaying BTC-USDT @ 1787461260
[replaying  18%] replaying BTC-USDT @ 1787461320
[replaying  18%] replaying BTC-USDT @ 1787461380
[replaying  18%] replaying BTC-USDT @ 1787461440
[replaying  18%] replaying BTC-USDT @ 1787461500
[replaying  18%] replaying BTC-USDT @ 1787461560
[replaying  19%] replaying BTC-USDT @ 1787461620
[replaying  19%] replaying BTC-USDT @ 1787461680
[replaying  19%] replaying BTC-USDT @ 1787461740
[replaying  19%] replaying BTC-USDT @ 1787461800
[replaying  19%] replaying BTC-USDT @ 1787461860
[replaying  19%] replaying BTC-USDT @ 1787461920
[replaying  19%] replaying BTC-USDT @ 1787461980
[replaying  19%] replaying BTC-USDT @ 1787462040
[replaying  19%] replaying BTC-USDT @ 1787462100
[replaying  19%] replaying BTC-USDT @ 1787462160
[replaying  19%] replaying BTC-USDT @ 1787462220
[replaying  20%] replaying BTC-USDT @ 1787462280
[replaying  20%] replaying BTC-USDT @ 1787462340
[replaying  20%] replaying BTC-USDT @ 1787462400
[replaying  20%] replaying BTC-USDT @ 1787462460
[replaying  20%] replaying BTC-USDT @ 1787462520
[replaying  20%] replaying BTC-USDT @ 1787462580
[replaying  20%] replaying BTC-USDT @ 1787462640
[replaying  20%] replaying BTC-USDT @ 1787462700
[replaying  20%] replaying BTC-USDT @ 1787462760
[replaying  20%] replaying BTC-USDT @ 1787462820
[replaying  20%] replaying BTC-USDT @ 1787462880
[replaying  21%] replaying BTC-USDT @ 1787462940
[replaying  21%] replaying BTC-USDT @ 1787463000
[replaying  21%] replaying BTC-USDT @ 1787463060
[replaying  21%] replaying BTC-USDT @ 1787463120
[replaying  21%] replaying BTC-USDT @ 1787463180
[replaying  21%] replaying BTC-USDT @ 1787463240
[replaying  21%] replaying BTC-USDT @ 1787463300
[replaying  21%] replaying BTC-USDT @ 1787463360
[replaying  21%] replaying BTC-USDT @ 1787463420
[replaying  21%] replaying BTC-USDT @ 1787463480
[replaying  21%] replaying BTC-USDT @ 1787463540
[replaying  22%] replaying BTC-USDT @ 1787463600
[replaying  22%] replaying BTC-USDT @ 1787463660
[replaying  22%] replaying BTC-USDT @ 1787463720
[replaying  22%] replaying BTC-USDT @ 1787463780
[replaying  22%] replaying BTC-USDT @ 1787463840
[replaying  22%] replaying BTC-USDT @ 1787463900
[replaying  22%] replaying BTC-USDT @ 1787463960
[replaying  22%] replaying BTC-USDT @ 1787464020
[replaying  22%] replaying BTC-USDT @ 1787464080
[replaying  22%] replaying BTC-USDT @ 1787464140
[replaying  23%] replaying BTC-USDT @ 1787464200
[replaying  23%] replaying BTC-USDT @ 1787464260
[replaying  23%] replaying BTC-USDT @ 1787464320
[replaying  23%] replaying BTC-USDT @ 1787464380
[replaying  23%] replaying BTC-USDT @ 1787464440
[replaying  23%] replaying BTC-USDT @ 1787464500
[replaying  23%] replaying BTC-USDT @ 1787464560
[replaying  23%] replaying BTC-USDT @ 1787464620
[replaying  23%] replaying BTC-USDT @ 1787464680
[replaying  23%] replaying BTC-USDT @ 1787464740
[replaying  23%] replaying BTC-USDT @ 1787464800
[replaying  24%] replaying BTC-USDT @ 1787464860
[replaying  24%] replaying BTC-USDT @ 1787464920
[replaying  24%] replaying BTC-USDT @ 1787464980
[replaying  24%] replaying BTC-USDT @ 1787465040
[replaying  24%] replaying BTC-USDT @ 1787465100
[replaying  24%] replaying BTC-USDT @ 1787465160
[replaying  24%] replaying BTC-USDT @ 1787465220
[replaying  24%] replaying BTC-USDT @ 1787465280
[replaying  24%] replaying BTC-USDT @ 1787465340
[replaying  24%] replaying BTC-USDT @ 1787465400
[replaying  24%] replaying BTC-USDT @ 1787465460
[replaying  25%] replaying BTC-USDT @ 1787465520
[replaying  25%] replaying BTC-USDT @ 1787465580
[replaying  25%] replaying BTC-USDT @ 1787465640
[replaying  25%] replaying BTC-USDT @ 1787465700
[replaying  25%] replaying BTC-USDT @ 1787465760
[replaying  25%] replaying BTC-USDT @ 1787465820
[replaying  25%] replaying BTC-USDT @ 1787465880
[replaying  25%] replaying BTC-USDT @ 1787465940
[replaying  25%] replaying BTC-USDT @ 1787466000
[replaying  25%] replaying BTC-USDT @ 1787466060
[replaying  26%] replaying BTC-USDT @ 1787466120
[replaying  26%] replaying BTC-USDT @ 1787466180
[replaying  26%] replaying BTC-USDT @ 1787466240
[replaying  26%] replaying BTC-USDT @ 1787466300
[replaying  26%] replaying BTC-USDT @ 1787466360
[replaying  26%] replaying BTC-USDT @ 1787466420
[replaying  26%] replaying BTC-USDT @ 1787466480
[replaying  26%] replaying BTC-USDT @ 1787466540
[replaying  26%] replaying BTC-USDT @ 1787466600
[replaying  26%] replaying BTC-USDT @ 1787466660
[replaying  26%] replaying BTC-USDT @ 1787466720
[replaying  27%] replaying BTC-USDT @ 1787466780
[replaying  27%] replaying BTC-USDT @ 1787466840
[replaying  27%] replaying BTC-USDT @ 1787466900
[replaying  27%] replaying BTC-USDT @ 1787466960
[replaying  27%] replaying BTC-USDT @ 1787467020
[replaying  27%] replaying BTC-USDT @ 1787467080
[replaying  27%] replaying BTC-USDT @ 1787467140
[replaying  27%] replaying BTC-USDT @ 1787467200
[replaying  27%] replaying BTC-USDT @ 1787467260
[replaying  27%] replaying BTC-USDT @ 1787467320
[replaying  27%] replaying BTC-USDT @ 1787467380
[replaying  28%] replaying BTC-USDT @ 1787467440
[replaying  28%] replaying BTC-USDT @ 1787467500
[replaying  28%] replaying BTC-USDT @ 1787467560
[replaying  28%] replaying BTC-USDT @ 1787467620
[replaying  28%] replaying BTC-USDT @ 1787467680
[replaying  28%] replaying BTC-USDT @ 1787467740
[replaying  28%] replaying BTC-USDT @ 1787467800
[replaying  28%] replaying BTC-USDT @ 1787467860
[replaying  28%] replaying BTC-USDT @ 1787467920
[replaying  28%] replaying BTC-USDT @ 1787467980
[replaying  29%] replaying BTC-USDT @ 1787468040
[replaying  29%] replaying BTC-USDT @ 1787468100
[replaying  29%] replaying BTC-USDT @ 1787468160
[replaying  29%] replaying BTC-USDT @ 1787468220
[replaying  29%] replaying BTC-USDT @ 1787468280
[replaying  29%] replaying BTC-USDT @ 1787468340
[replaying  29%] replaying BTC-USDT @ 1787468400
[replaying  29%] replaying BTC-USDT @ 1787468460
[replaying  29%] replaying BTC-USDT @ 1787468520
[replaying  29%] replaying BTC-USDT @ 1787468580
[replaying  29%] replaying BTC-USDT @ 1787468640
[replaying  30%] replaying BTC-USDT @ 1787468700
[replaying  30%] replaying BTC-USDT @ 1787468760
[replaying  30%] replaying BTC-USDT @ 1787468820
[replaying  30%] replaying BTC-USDT @ 1787468880
[replaying  30%] replaying BTC-USDT @ 1787468940
[replaying  30%] replaying BTC-USDT @ 1787469000
[replaying  30%] replaying BTC-USDT @ 1787469060
[replaying  30%] replaying BTC-USDT @ 1787469120
[replaying  30%] replaying BTC-USDT @ 1787469180
[replaying  30%] replaying BTC-USDT @ 1787469240
[replaying  30%] replaying BTC-USDT @ 1787469300
[replaying  31%] replaying BTC-USDT @ 1787469360
[replaying  31%] replaying BTC-USDT @ 1787469420
[replaying  31%] replaying BTC-USDT @ 1787469480
[replaying  31%] replaying BTC-USDT @ 1787469540
[replaying  31%] replaying BTC-USDT @ 1787469600
[replaying  31%] replaying BTC-USDT @ 1787469660
[replaying  31%] replaying BTC-USDT @ 1787469720
[replaying  31%] replaying BTC-USDT @ 1787469780
[replaying  31%] replaying BTC-USDT @ 1787469840
[replaying  31%] replaying BTC-USDT @ 1787469900
[replaying  31%] replaying BTC-USDT @ 1787469960
[replaying  32%] replaying BTC-USDT @ 1787470020
[replaying  32%] replaying BTC-USDT @ 1787470080
[replaying  32%] replaying BTC-USDT @ 1787470140
[replaying  32%] replaying BTC-USDT @ 1787470200
[replaying  32%] replaying BTC-USDT @ 1787470260
[replaying  32%] replaying BTC-USDT @ 1787470320
[replaying  32%] replaying BTC-USDT @ 1787470380
[replaying  32%] replaying BTC-USDT @ 1787470440
[replaying  32%] replaying BTC-USDT @ 1787470500
[replaying  32%] replaying BTC-USDT @ 1787470560
[replaying  33%] replaying BTC-USDT @ 1787470620
[replaying  33%] replaying BTC-USDT @ 1787470680
[replaying  33%] replaying BTC-USDT @ 1787470740
[replaying  33%] replaying BTC-USDT @ 1787470800
[replaying  33%] replaying BTC-USDT @ 1787470860
[replaying  33%] replaying BTC-USDT @ 1787470920
[replaying  33%] replaying BTC-USDT @ 1787470980
[replaying  33%] replaying BTC-USDT @ 1787471040
[replaying  33%] replaying BTC-USDT @ 1787471100
[replaying  33%] replaying BTC-USDT @ 1787471160
[replaying  33%] replaying BTC-USDT @ 1787471220
[replaying  34%] replaying BTC-USDT @ 1787471280
[replaying  34%] replaying BTC-USDT @ 1787471340
[replaying  34%] replaying BTC-USDT @ 1787471400
[replaying  34%] replaying BTC-USDT @ 1787471460
[replaying  34%] replaying BTC-USDT @ 1787471520
[replaying  34%] replaying BTC-USDT @ 1787471580
[replaying  34%] replaying BTC-USDT @ 1787471640
[replaying  34%] replaying BTC-USDT @ 1787471700
[replaying  34%] replaying BTC-USDT @ 1787471760
[replaying  34%] replaying BTC-USDT @ 1787471820
[replaying  34%] replaying BTC-USDT @ 1787471880
[replaying  35%] replaying BTC-USDT @ 1787471940
[replaying  35%] replaying BTC-USDT @ 1787472000
[replaying  35%] replaying BTC-USDT @ 1787472060
[replaying  35%] replaying BTC-USDT @ 1787472120
[replaying  35%] replaying BTC-USDT @ 1787472180
[replaying  35%] replaying BTC-USDT @ 1787472240
[replaying  35%] replaying BTC-USDT @ 1787472300
[replaying  35%] replaying BTC-USDT @ 1787472360
[replaying  35%] replaying BTC-USDT @ 1787472420
[replaying  35%] replaying BTC-USDT @ 1787472480
[replaying  36%] replaying BTC-USDT @ 1787472540
[replaying  36%] replaying BTC-USDT @ 1787472600
[replaying  36%] replaying BTC-USDT @ 1787472660
[replaying  36%] replaying BTC-USDT @ 1787472720
[replaying  36%] replaying BTC-USDT @ 1787472780
[replaying  36%] replaying BTC-USDT @ 1787472840
[replaying  36%] replaying BTC-USDT @ 1787472900
[replaying  36%] replaying BTC-USDT @ 1787472960
[replaying  36%] replaying BTC-USDT @ 1787473020
[replaying  36%] replaying BTC-USDT @ 1787473080
[replaying  36%] replaying BTC-USDT @ 1787473140
[replaying  37%] replaying BTC-USDT @ 1787473200
[replaying  37%] replaying BTC-USDT @ 1787473260
[replaying  37%] replaying BTC-USDT @ 1787473320
[replaying  37%] replaying BTC-USDT @ 1787473380
[replaying  37%] replaying BTC-USDT @ 1787473440
[replaying  37%] replaying BTC-USDT @ 1787473500
[replaying  37%] replaying BTC-USDT @ 1787473560
[replaying  37%] replaying BTC-USDT @ 1787473620
[replaying  37%] replaying BTC-USDT @ 1787473680
[replaying  37%] replaying BTC-USDT @ 1787473740
[replaying  37%] replaying BTC-USDT @ 1787473800
[replaying  38%] replaying BTC-USDT @ 1787473860
[replaying  38%] replaying BTC-USDT @ 1787473920
[replaying  38%] replaying BTC-USDT @ 1787473980
[replaying  38%] replaying BTC-USDT @ 1787474040
[replaying  38%] replaying BTC-USDT @ 1787474100
[replaying  38%] replaying BTC-USDT @ 1787474160
[replaying  38%] replaying BTC-USDT @ 1787474220
[replaying  38%] replaying BTC-USDT @ 1787474280
[replaying  38%] replaying BTC-USDT @ 1787474340
[replaying  38%] replaying BTC-USDT @ 1787474400
[replaying  39%] replaying BTC-USDT @ 1787474460
[replaying  39%] replaying BTC-USDT @ 1787474520
[replaying  39%] replaying BTC-USDT @ 1787474580
[replaying  39%] replaying BTC-USDT @ 1787474640
[replaying  39%] replaying BTC-USDT @ 1787474700
[replaying  39%] replaying BTC-USDT @ 1787474760
[replaying  39%] replaying BTC-USDT @ 1787474820
[replaying  39%] replaying BTC-USDT @ 1787474880
[replaying  39%] replaying BTC-USDT @ 1787474940
[replaying  39%] replaying BTC-USDT @ 1787475000
[replaying  39%] replaying BTC-USDT @ 1787475060
[replaying  40%] replaying BTC-USDT @ 1787475120
[replaying  40%] replaying BTC-USDT @ 1787475180
[replaying  40%] replaying BTC-USDT @ 1787475240
[replaying  40%] replaying BTC-USDT @ 1787475300
[replaying  40%] replaying BTC-USDT @ 1787475360
[replaying  40%] replaying BTC-USDT @ 1787475420
[replaying  40%] replaying BTC-USDT @ 1787475480
[replaying  40%] replaying BTC-USDT @ 1787475540
[replaying  40%] replaying BTC-USDT @ 1787475600
[replaying  40%] replaying BTC-USDT @ 1787475660
[replaying  40%] replaying BTC-USDT @ 1787475720
[replaying  41%] replaying BTC-USDT @ 1787475780
[replaying  41%] replaying BTC-USDT @ 1787475840
[replaying  41%] replaying BTC-USDT @ 1787475900
[replaying  41%] replaying BTC-USDT @ 1787475960
[replaying  41%] replaying BTC-USDT @ 1787476020
[replaying  41%] replaying BTC-USDT @ 1787476080
[replaying  41%] replaying BTC-USDT @ 1787476140
[replaying  41%] replaying BTC-USDT @ 1787476200
[replaying  41%] replaying BTC-USDT @ 1787476260
[replaying  41%] replaying BTC-USDT @ 1787476320
[replaying  41%] replaying BTC-USDT @ 1787476380
[replaying  42%] replaying BTC-USDT @ 1787476440
[replaying  42%] replaying BTC-USDT @ 1787476500
[replaying  42%] replaying BTC-USDT @ 1787476560
[replaying  42%] replaying BTC-USDT @ 1787476620
[replaying  42%] replaying BTC-USDT @ 1787476680
[replaying  42%] replaying BTC-USDT @ 1787476740
[replaying  42%] replaying BTC-USDT @ 1787476800
[replaying  42%] replaying BTC-USDT @ 1787476860
[replaying  42%] replaying BTC-USDT @ 1787476920
[replaying  42%] replaying BTC-USDT @ 1787476980
[replaying  43%] replaying BTC-USDT @ 1787477040
[replaying  43%] replaying BTC-USDT @ 1787477100
[replaying  43%] replaying BTC-USDT @ 1787477160
[replaying  43%] replaying BTC-USDT @ 1787477220
[replaying  43%] replaying BTC-USDT @ 1787477280
[replaying  43%] replaying BTC-USDT @ 1787477340
[replaying  43%] replaying BTC-USDT @ 1787477400
[replaying  43%] replaying BTC-USDT @ 1787477460
[replaying  43%] replaying BTC-USDT @ 1787477520
[replaying  43%] replaying BTC-USDT @ 1787477580
[replaying  43%] replaying BTC-USDT @ 1787477640
[replaying  44%] replaying BTC-USDT @ 1787477700
[replaying  44%] replaying BTC-USDT @ 1787477760
[replaying  44%] replaying BTC-USDT @ 1787477820
[replaying  44%] replaying BTC-USDT @ 1787477880
[replaying  44%] replaying BTC-USDT @ 1787477940
[replaying  44%] replaying BTC-USDT @ 1787478000
[replaying  44%] replaying BTC-USDT @ 1787478060
[replaying  44%] replaying BTC-USDT @ 1787478120
[replaying  44%] replaying BTC-USDT @ 1787478180
[replaying  44%] replaying BTC-USDT @ 1787478240
[replaying  44%] replaying BTC-USDT @ 1787478300
[replaying  45%] replaying BTC-USDT @ 1787478360
[replaying  45%] replaying BTC-USDT @ 1787478420
[replaying  45%] replaying BTC-USDT @ 1787478480
[replaying  45%] replaying BTC-USDT @ 1787478540
[replaying  45%] replaying BTC-USDT @ 1787478600
[replaying  45%] replaying BTC-USDT @ 1787478660
[replaying  45%] replaying BTC-USDT @ 1787478720
[replaying  45%] replaying BTC-USDT @ 1787478780
[replaying  45%] replaying BTC-USDT @ 1787478840
[replaying  45%] replaying BTC-USDT @ 1787478900
[replaying  46%] replaying BTC-USDT @ 1787478960
[replaying  46%] replaying BTC-USDT @ 1787479020
[replaying  46%] replaying BTC-USDT @ 1787479080
[replaying  46%] replaying BTC-USDT @ 1787479140
[replaying  46%] replaying BTC-USDT @ 1787479200
[replaying  46%] replaying BTC-USDT @ 1787479260
[replaying  46%] replaying BTC-USDT @ 1787479320
[replaying  46%] replaying BTC-USDT @ 1787479380
[replaying  46%] replaying BTC-USDT @ 1787479440
[replaying  46%] replaying BTC-USDT @ 1787479500
[replaying  46%] replaying BTC-USDT @ 1787479560
[replaying  47%] replaying BTC-USDT @ 1787479620
[replaying  47%] replaying BTC-USDT @ 1787479680
[replaying  47%] replaying BTC-USDT @ 1787479740
[replaying  47%] replaying BTC-USDT @ 1787479800
[replaying  47%] replaying BTC-USDT @ 1787479860
[replaying  47%] replaying BTC-USDT @ 1787479920
[replaying  47%] replaying BTC-USDT @ 1787479980
[replaying  47%] replaying BTC-USDT @ 1787480040
[replaying  47%] replaying BTC-USDT @ 1787480100
[replaying  47%] replaying BTC-USDT @ 1787480160
[replaying  47%] replaying BTC-USDT @ 1787480220
[replaying  48%] replaying BTC-USDT @ 1787480280
[replaying  48%] replaying BTC-USDT @ 1787480340
[replaying  48%] replaying BTC-USDT @ 1787480400
[replaying  48%] replaying BTC-USDT @ 1787480460
[replaying  48%] replaying BTC-USDT @ 1787480520
[replaying  48%] replaying BTC-USDT @ 1787480580
[replaying  48%] replaying BTC-USDT @ 1787480640
[replaying  48%] replaying BTC-USDT @ 1787480700
[replaying  48%] replaying BTC-USDT @ 1787480760
[replaying  48%] replaying BTC-USDT @ 1787480820
[replaying  49%] replaying BTC-USDT @ 1787480880
[replaying  49%] replaying BTC-USDT @ 1787480940
[replaying  49%] replaying BTC-USDT @ 1787481000
[replaying  49%] replaying BTC-USDT @ 1787481060
[replaying  49%] replaying BTC-USDT @ 1787481120
[replaying  49%] replaying BTC-USDT @ 1787481180
[replaying  49%] replaying BTC-USDT @ 1787481240
[replaying  49%] replaying BTC-USDT @ 1787481300
[replaying  49%] replaying BTC-USDT @ 1787481360
[replaying  49%] replaying BTC-USDT @ 1787481420
[replaying  49%] replaying BTC-USDT @ 1787481480
[replaying  50%] replaying BTC-USDT @ 1787481540
[replaying  50%] replaying BTC-USDT @ 1787481600
[replaying  50%] replaying BTC-USDT @ 1787481660
[replaying  50%] replaying BTC-USDT @ 1787481720
[replaying  50%] replaying BTC-USDT @ 1787481780
[replaying  50%] replaying BTC-USDT @ 1787481840
[replaying  50%] replaying BTC-USDT @ 1787481900
[replaying  50%] replaying BTC-USDT @ 1787481960
[replaying  50%] replaying BTC-USDT @ 1787482020
[replaying  50%] replaying BTC-USDT @ 1787482080
[replaying  50%] replaying BTC-USDT @ 1787482140
[replaying  51%] replaying BTC-USDT @ 1787482200
[replaying  51%] replaying BTC-USDT @ 1787482260
[replaying  51%] replaying BTC-USDT @ 1787482320
[replaying  51%] replaying BTC-USDT @ 1787482380
[replaying  51%] replaying BTC-USDT @ 1787482440
[replaying  51%] replaying BTC-USDT @ 1787482500
[replaying  51%] replaying BTC-USDT @ 1787482560
[replaying  51%] replaying BTC-USDT @ 1787482620
[replaying  51%] replaying BTC-USDT @ 1787482680
[replaying  51%] replaying BTC-USDT @ 1787482740
[replaying  51%] replaying BTC-USDT @ 1787482800
[replaying  52%] replaying BTC-USDT @ 1787482860
[replaying  52%] replaying BTC-USDT @ 1787482920
[replaying  52%] replaying BTC-USDT @ 1787482980
[replaying  52%] replaying BTC-USDT @ 1787483040
[replaying  52%] replaying BTC-USDT @ 1787483100
[replaying  52%] replaying BTC-USDT @ 1787483160
[replaying  52%] replaying BTC-USDT @ 1787483220
[replaying  52%] replaying BTC-USDT @ 1787483280
[replaying  52%] replaying BTC-USDT @ 1787483340
[replaying  52%] replaying BTC-USDT @ 1787483400
[replaying  53%] replaying BTC-USDT @ 1787483460
[replaying  53%] replaying BTC-USDT @ 1787483520
[replaying  53%] replaying BTC-USDT @ 1787483580
[replaying  53%] replaying BTC-USDT @ 1787483640
[replaying  53%] replaying BTC-USDT @ 1787483700
[replaying  53%] replaying BTC-USDT @ 1787483760
[replaying  53%] replaying BTC-USDT @ 1787483820
[replaying  53%] replaying BTC-USDT @ 1787483880
[replaying  53%] replaying BTC-USDT @ 1787483940
[replaying  53%] replaying BTC-USDT @ 1787484000
[replaying  53%] replaying BTC-USDT @ 1787484060
[replaying  54%] replaying BTC-USDT @ 1787484120
[replaying  54%] replaying BTC-USDT @ 1787484180
[replaying  54%] replaying BTC-USDT @ 1787484240
[replaying  54%] replaying BTC-USDT @ 1787484300
[replaying  54%] replaying BTC-USDT @ 1787484360
[replaying  54%] replaying BTC-USDT @ 1787484420
[replaying  54%] replaying BTC-USDT @ 1787484480
[replaying  54%] replaying BTC-USDT @ 1787484540
[replaying  54%] replaying BTC-USDT @ 1787484600
[replaying  54%] replaying BTC-USDT @ 1787484660
[replaying  54%] replaying BTC-USDT @ 1787484720
[replaying  55%] replaying BTC-USDT @ 1787484780
[replaying  55%] replaying BTC-USDT @ 1787484840
[replaying  55%] replaying BTC-USDT @ 1787484900
[replaying  55%] replaying BTC-USDT @ 1787484960
[replaying  55%] replaying BTC-USDT @ 1787485020
[replaying  55%] replaying BTC-USDT @ 1787485080
[replaying  55%] replaying BTC-USDT @ 1787485140
[replaying  55%] replaying BTC-USDT @ 1787485200
[replaying  55%] replaying BTC-USDT @ 1787485260
[replaying  55%] replaying BTC-USDT @ 1787485320
[replaying  56%] replaying BTC-USDT @ 1787485380
[replaying  56%] replaying BTC-USDT @ 1787485440
[replaying  56%] replaying BTC-USDT @ 1787485500
[replaying  56%] replaying BTC-USDT @ 1787485560
[replaying  56%] replaying BTC-USDT @ 1787485620
[replaying  56%] replaying BTC-USDT @ 1787485680
[replaying  56%] replaying BTC-USDT @ 1787485740
[replaying  56%] replaying BTC-USDT @ 1787485800
[replaying  56%] replaying BTC-USDT @ 1787485860
[replaying  56%] replaying BTC-USDT @ 1787485920
[replaying  56%] replaying BTC-USDT @ 1787485980
[replaying  57%] replaying BTC-USDT @ 1787486040
[replaying  57%] replaying BTC-USDT @ 1787486100
[replaying  57%] replaying BTC-USDT @ 1787486160
[replaying  57%] replaying BTC-USDT @ 1787486220
[replaying  57%] replaying BTC-USDT @ 1787486280
[replaying  57%] replaying BTC-USDT @ 1787486340
[replaying  57%] replaying BTC-USDT @ 1787486400
[replaying  57%] replaying BTC-USDT @ 1787486460
[replaying  57%] replaying BTC-USDT @ 1787486520
[replaying  57%] replaying BTC-USDT @ 1787486580
[replaying  57%] replaying BTC-USDT @ 1787486640
[replaying  58%] replaying BTC-USDT @ 1787486700
[replaying  58%] replaying BTC-USDT @ 1787486760
[replaying  58%] replaying BTC-USDT @ 1787486820
[replaying  58%] replaying BTC-USDT @ 1787486880
[replaying  58%] replaying BTC-USDT @ 1787486940
[replaying  58%] replaying BTC-USDT @ 1787487000
[replaying  58%] replaying BTC-USDT @ 1787487060
[replaying  58%] replaying BTC-USDT @ 1787487120
[replaying  58%] replaying BTC-USDT @ 1787487180
[replaying  58%] replaying BTC-USDT @ 1787487240
[replaying  59%] replaying BTC-USDT @ 1787487300
[replaying  59%] replaying BTC-USDT @ 1787487360
[replaying  59%] replaying BTC-USDT @ 1787487420
[replaying  59%] replaying BTC-USDT @ 1787487480
[replaying  59%] replaying BTC-USDT @ 1787487540
[replaying  59%] replaying BTC-USDT @ 1787487600
[replaying  59%] replaying BTC-USDT @ 1787487660
[replaying  59%] replaying BTC-USDT @ 1787487720
[replaying  59%] replaying BTC-USDT @ 1787487780
[replaying  59%] replaying BTC-USDT @ 1787487840
[replaying  59%] replaying BTC-USDT @ 1787487900
[replaying  60%] replaying BTC-USDT @ 1787487960
[replaying  60%] replaying BTC-USDT @ 1787488020
[replaying  60%] replaying BTC-USDT @ 1787488080
[replaying  60%] replaying BTC-USDT @ 1787488140
[replaying  60%] replaying BTC-USDT @ 1787488200
[replaying  60%] replaying BTC-USDT @ 1787488260
[replaying  60%] replaying BTC-USDT @ 1787488320
[replaying  60%] replaying BTC-USDT @ 1787488380
[replaying  60%] replaying BTC-USDT @ 1787488440
[replaying  60%] replaying BTC-USDT @ 1787488500
[replaying  60%] replaying BTC-USDT @ 1787488560
[replaying  61%] replaying BTC-USDT @ 1787488620
[replaying  61%] replaying BTC-USDT @ 1787488680
[replaying  61%] replaying BTC-USDT @ 1787488740
[replaying  61%] replaying BTC-USDT @ 1787488800
[replaying  61%] replaying BTC-USDT @ 1787488860
[replaying  61%] replaying BTC-USDT @ 1787488920
[replaying  61%] replaying BTC-USDT @ 1787488980
[replaying  61%] replaying BTC-USDT @ 1787489040
[replaying  61%] replaying BTC-USDT @ 1787489100
[replaying  61%] replaying BTC-USDT @ 1787489160
[replaying  61%] replaying BTC-USDT @ 1787489220
[replaying  62%] replaying BTC-USDT @ 1787489280
[replaying  62%] replaying BTC-USDT @ 1787489340
[replaying  62%] replaying BTC-USDT @ 1787489400
[replaying  62%] replaying BTC-USDT @ 1787489460
[replaying  62%] replaying BTC-USDT @ 1787489520
[replaying  62%] replaying BTC-USDT @ 1787489580
[replaying  62%] replaying BTC-USDT @ 1787489640
[replaying  62%] replaying BTC-USDT @ 1787489700
[replaying  62%] replaying BTC-USDT @ 1787489760
[replaying  62%] replaying BTC-USDT @ 1787489820
[replaying  63%] replaying BTC-USDT @ 1787489880
[replaying  63%] replaying BTC-USDT @ 1787489940
[replaying  63%] replaying BTC-USDT @ 1787490000
[replaying  63%] replaying BTC-USDT @ 1787490060
[replaying  63%] replaying BTC-USDT @ 1787490120
[replaying  63%] replaying BTC-USDT @ 1787490180
[replaying  63%] replaying BTC-USDT @ 1787490240
[replaying  63%] replaying BTC-USDT @ 1787490300
[replaying  63%] replaying BTC-USDT @ 1787490360
[replaying  63%] replaying BTC-USDT @ 1787490420
[replaying  63%] replaying BTC-USDT @ 1787490480
[replaying  64%] replaying BTC-USDT @ 1787490540
[replaying  64%] replaying BTC-USDT @ 1787490600
[replaying  64%] replaying BTC-USDT @ 1787490660
[replaying  64%] replaying BTC-USDT @ 1787490720
[replaying  64%] replaying BTC-USDT @ 1787490780
[replaying  64%] replaying BTC-USDT @ 1787490840
[replaying  64%] replaying BTC-USDT @ 1787490900
[replaying  64%] replaying BTC-USDT @ 1787490960
[replaying  64%] replaying BTC-USDT @ 1787491020
[replaying  64%] replaying BTC-USDT @ 1787491080
[replaying  64%] replaying BTC-USDT @ 1787491140
[replaying  65%] replaying BTC-USDT @ 1787491200
[replaying  65%] replaying BTC-USDT @ 1787491260
[replaying  65%] replaying BTC-USDT @ 1787491320
[replaying  65%] replaying BTC-USDT @ 1787491380
[replaying  65%] replaying BTC-USDT @ 1787491440
[replaying  65%] replaying BTC-USDT @ 1787491500
[replaying  65%] replaying BTC-USDT @ 1787491560
[replaying  65%] replaying BTC-USDT @ 1787491620
[replaying  65%] replaying BTC-USDT @ 1787491680
[replaying  65%] replaying BTC-USDT @ 1787491740
[replaying  66%] replaying BTC-USDT @ 1787491800
[replaying  66%] replaying BTC-USDT @ 1787491860
[replaying  66%] replaying BTC-USDT @ 1787491920
[replaying  66%] replaying BTC-USDT @ 1787491980
[replaying  66%] replaying BTC-USDT @ 1787492040
[replaying  66%] replaying BTC-USDT @ 1787492100
[replaying  66%] replaying BTC-USDT @ 1787492160
[replaying  66%] replaying BTC-USDT @ 1787492220
[replaying  66%] replaying BTC-USDT @ 1787492280
[replaying  66%] replaying BTC-USDT @ 1787492340
[replaying  66%] replaying BTC-USDT @ 1787492400
[replaying  67%] replaying BTC-USDT @ 1787492460
[replaying  67%] replaying BTC-USDT @ 1787492520
[replaying  67%] replaying BTC-USDT @ 1787492580
[replaying  67%] replaying BTC-USDT @ 1787492640
[replaying  67%] replaying BTC-USDT @ 1787492700
[replaying  67%] replaying BTC-USDT @ 1787492760
[replaying  67%] replaying BTC-USDT @ 1787492820
[replaying  67%] replaying BTC-USDT @ 1787492880
[replaying  67%] replaying BTC-USDT @ 1787492940
[replaying  67%] replaying BTC-USDT @ 1787493000
[replaying  67%] replaying BTC-USDT @ 1787493060
[replaying  68%] replaying BTC-USDT @ 1787493120
[replaying  68%] replaying BTC-USDT @ 1787493180
[replaying  68%] replaying BTC-USDT @ 1787493240
[replaying  68%] replaying BTC-USDT @ 1787493300
[replaying  68%] replaying BTC-USDT @ 1787493360
[replaying  68%] replaying BTC-USDT @ 1787493420
[replaying  68%] replaying BTC-USDT @ 1787493480
[replaying  68%] replaying BTC-USDT @ 1787493540
[replaying  68%] replaying BTC-USDT @ 1787493600
[replaying  68%] replaying BTC-USDT @ 1787493660
[replaying  69%] replaying BTC-USDT @ 1787493720
[replaying  69%] replaying BTC-USDT @ 1787493780
[replaying  69%] replaying BTC-USDT @ 1787493840
[replaying  69%] replaying BTC-USDT @ 1787493900
[replaying  69%] replaying BTC-USDT @ 1787493960
[replaying  69%] replaying BTC-USDT @ 1787494020
[replaying  69%] replaying BTC-USDT @ 1787494080
[replaying  69%] replaying BTC-USDT @ 1787494140
[replaying  69%] replaying BTC-USDT @ 1787494200
[replaying  69%] replaying BTC-USDT @ 1787494260
[replaying  69%] replaying BTC-USDT @ 1787494320
[replaying  70%] replaying BTC-USDT @ 1787494380
[replaying  70%] replaying BTC-USDT @ 1787494440
[replaying  70%] replaying BTC-USDT @ 1787494500
[replaying  70%] replaying BTC-USDT @ 1787494560
[replaying  70%] replaying BTC-USDT @ 1787494620
[replaying  70%] replaying BTC-USDT @ 1787494680
[replaying  70%] replaying BTC-USDT @ 1787494740
[replaying  70%] replaying BTC-USDT @ 1787494800
[replaying  70%] replaying BTC-USDT @ 1787494860
[replaying  70%] replaying BTC-USDT @ 1787494920
[replaying  70%] replaying BTC-USDT @ 1787494980
[replaying  71%] replaying BTC-USDT @ 1787495040
[replaying  71%] replaying BTC-USDT @ 1787495100
[replaying  71%] replaying BTC-USDT @ 1787495160
[replaying  71%] replaying BTC-USDT @ 1787495220
[replaying  71%] replaying BTC-USDT @ 1787495280
[replaying  71%] replaying BTC-USDT @ 1787495340
[replaying  71%] replaying BTC-USDT @ 1787495400
[replaying  71%] replaying BTC-USDT @ 1787495460
[replaying  71%] replaying BTC-USDT @ 1787495520
[replaying  71%] replaying BTC-USDT @ 1787495580
[replaying  71%] replaying BTC-USDT @ 1787495640
[replaying  72%] replaying BTC-USDT @ 1787495700
[replaying  72%] replaying BTC-USDT @ 1787495760
[replaying  72%] replaying BTC-USDT @ 1787495820
[replaying  72%] replaying BTC-USDT @ 1787495880
[replaying  72%] replaying BTC-USDT @ 1787495940
[replaying  72%] replaying BTC-USDT @ 1787496000
[replaying  72%] replaying BTC-USDT @ 1787496060
[replaying  72%] replaying BTC-USDT @ 1787496120
[replaying  72%] replaying BTC-USDT @ 1787496180
[replaying  72%] replaying BTC-USDT @ 1787496240
[replaying  73%] replaying BTC-USDT @ 1787496300
[replaying  73%] replaying BTC-USDT @ 1787496360
[replaying  73%] replaying BTC-USDT @ 1787496420
[replaying  73%] replaying BTC-USDT @ 1787496480
[replaying  73%] replaying BTC-USDT @ 1787496540
[replaying  73%] replaying BTC-USDT @ 1787496600
[replaying  73%] replaying BTC-USDT @ 1787496660
[replaying  73%] replaying BTC-USDT @ 1787496720
[replaying  73%] replaying BTC-USDT @ 1787496780
[replaying  73%] replaying BTC-USDT @ 1787496840
[replaying  73%] replaying BTC-USDT @ 1787496900
[replaying  74%] replaying BTC-USDT @ 1787496960
[replaying  74%] replaying BTC-USDT @ 1787497020
[replaying  74%] replaying BTC-USDT @ 1787497080
[replaying  74%] replaying BTC-USDT @ 1787497140
[replaying  74%] replaying BTC-USDT @ 1787497200
[replaying  74%] replaying BTC-USDT @ 1787497260
[replaying  74%] replaying BTC-USDT @ 1787497320
[replaying  74%] replaying BTC-USDT @ 1787497380
[replaying  74%] replaying BTC-USDT @ 1787497440
[replaying  74%] replaying BTC-USDT @ 1787497500
[replaying  74%] replaying BTC-USDT @ 1787497560
[replaying  75%] replaying BTC-USDT @ 1787497620
[replaying  75%] replaying BTC-USDT @ 1787497680
[replaying  75%] replaying BTC-USDT @ 1787497740
[replaying  75%] replaying BTC-USDT @ 1787497800
[replaying  75%] replaying BTC-USDT @ 1787497860
[replaying  75%] replaying BTC-USDT @ 1787497920
[replaying  75%] replaying BTC-USDT @ 1787497980
[replaying  75%] replaying BTC-USDT @ 1787498040
[replaying  75%] replaying BTC-USDT @ 1787498100
[replaying  75%] replaying BTC-USDT @ 1787498160
[replaying  76%] replaying BTC-USDT @ 1787498220
[replaying  76%] replaying BTC-USDT @ 1787498280
[replaying  76%] replaying BTC-USDT @ 1787498340
[replaying  76%] replaying BTC-USDT @ 1787498400
[replaying  76%] replaying BTC-USDT @ 1787498460
[replaying  76%] replaying BTC-USDT @ 1787498520
[replaying  76%] replaying BTC-USDT @ 1787498580
[replaying  76%] replaying BTC-USDT @ 1787498640
[replaying  76%] replaying BTC-USDT @ 1787498700
[replaying  76%] replaying BTC-USDT @ 1787498760
[replaying  76%] replaying BTC-USDT @ 1787498820
[replaying  77%] replaying BTC-USDT @ 1787498880
[replaying  77%] replaying BTC-USDT @ 1787498940
[replaying  77%] replaying BTC-USDT @ 1787499000
[replaying  77%] replaying BTC-USDT @ 1787499060
[replaying  77%] replaying BTC-USDT @ 1787499120
[replaying  77%] replaying BTC-USDT @ 1787499180
[replaying  77%] replaying BTC-USDT @ 1787499240
[replaying  77%] replaying BTC-USDT @ 1787499300
[replaying  77%] replaying BTC-USDT @ 1787499360
[replaying  77%] replaying BTC-USDT @ 1787499420
[replaying  77%] replaying BTC-USDT @ 1787499480
[replaying  78%] replaying BTC-USDT @ 1787499540
[replaying  78%] replaying BTC-USDT @ 1787499600
[replaying  78%] replaying BTC-USDT @ 1787499660
[replaying  78%] replaying BTC-USDT @ 1787499720
[replaying  78%] replaying BTC-USDT @ 1787499780
[replaying  78%] replaying BTC-USDT @ 1787499840
[replaying  78%] replaying BTC-USDT @ 1787499900
[replaying  78%] replaying BTC-USDT @ 1787499960
[replaying  78%] replaying BTC-USDT @ 1787500020
[replaying  78%] replaying BTC-USDT @ 1787500080
[replaying  79%] replaying BTC-USDT @ 1787500140
[replaying  79%] replaying BTC-USDT @ 1787500200
[replaying  79%] replaying BTC-USDT @ 1787500260
[replaying  79%] replaying BTC-USDT @ 1787500320
[replaying  79%] replaying BTC-USDT @ 1787500380
[replaying  79%] replaying BTC-USDT @ 1787500440
[replaying  79%] replaying BTC-USDT @ 1787500500
[replaying  79%] replaying BTC-USDT @ 1787500560
[replaying  79%] replaying BTC-USDT @ 1787500620
[replaying  79%] replaying BTC-USDT @ 1787500680
[replaying  79%] replaying BTC-USDT @ 1787500740
[replaying  80%] replaying BTC-USDT @ 1787500800
[replaying  80%] replaying BTC-USDT @ 1787500860
[replaying  80%] replaying BTC-USDT @ 1787500920
[replaying  80%] replaying BTC-USDT @ 1787500980
[replaying  80%] replaying BTC-USDT @ 1787501040
[replaying  80%] replaying BTC-USDT @ 1787501100
[replaying  80%] replaying BTC-USDT @ 1787501160
[replaying  80%] replaying BTC-USDT @ 1787501220
[replaying  80%] replaying BTC-USDT @ 1787501280
[replaying  80%] replaying BTC-USDT @ 1787501340
[replaying  80%] replaying BTC-USDT @ 1787501400
[replaying  81%] replaying BTC-USDT @ 1787501460
[replaying  81%] replaying BTC-USDT @ 1787501520
[replaying  81%] replaying BTC-USDT @ 1787501580
[replaying  81%] replaying BTC-USDT @ 1787501640
[replaying  81%] replaying BTC-USDT @ 1787501700
[replaying  81%] replaying BTC-USDT @ 1787501760
[replaying  81%] replaying BTC-USDT @ 1787501820
[replaying  81%] replaying BTC-USDT @ 1787501880
[replaying  81%] replaying BTC-USDT @ 1787501940
[replaying  81%] replaying BTC-USDT @ 1787502000
[replaying  81%] replaying BTC-USDT @ 1787502060
[replaying  82%] replaying BTC-USDT @ 1787502120
[replaying  82%] replaying BTC-USDT @ 1787502180
[replaying  82%] replaying BTC-USDT @ 1787502240
[replaying  82%] replaying BTC-USDT @ 1787502300
[replaying  82%] replaying BTC-USDT @ 1787502360
[replaying  82%] replaying BTC-USDT @ 1787502420
[replaying  82%] replaying BTC-USDT @ 1787502480
[replaying  82%] replaying BTC-USDT @ 1787502540
[replaying  82%] replaying BTC-USDT @ 1787502600
[replaying  82%] replaying BTC-USDT @ 1787502660
[replaying  83%] replaying BTC-USDT @ 1787502720
[replaying  83%] replaying BTC-USDT @ 1787502780
[replaying  83%] replaying BTC-USDT @ 1787502840
[replaying  83%] replaying BTC-USDT @ 1787502900
[replaying  83%] replaying BTC-USDT @ 1787502960
[replaying  83%] replaying BTC-USDT @ 1787503020
[replaying  83%] replaying BTC-USDT @ 1787503080
[replaying  83%] replaying BTC-USDT @ 1787503140
[replaying  83%] replaying BTC-USDT @ 1787503200
[replaying  83%] replaying BTC-USDT @ 1787503260
[replaying  83%] replaying BTC-USDT @ 1787503320
[replaying  84%] replaying BTC-USDT @ 1787503380
[replaying  84%] replaying BTC-USDT @ 1787503440
[replaying  84%] replaying BTC-USDT @ 1787503500
[replaying  84%] replaying BTC-USDT @ 1787503560
[replaying  84%] replaying BTC-USDT @ 1787503620
[replaying  84%] replaying BTC-USDT @ 1787503680
[replaying  84%] replaying BTC-USDT @ 1787503740
[replaying  84%] replaying BTC-USDT @ 1787503800
[replaying  84%] replaying BTC-USDT @ 1787503860
[replaying  84%] replaying BTC-USDT @ 1787503920
[replaying  84%] replaying BTC-USDT @ 1787503980
[replaying  85%] replaying BTC-USDT @ 1787504040
[replaying  85%] replaying BTC-USDT @ 1787504100
[replaying  85%] replaying BTC-USDT @ 1787504160
[replaying  85%] replaying BTC-USDT @ 1787504220
[replaying  85%] replaying BTC-USDT @ 1787504280
[replaying  85%] replaying BTC-USDT @ 1787504340
[replaying  85%] replaying BTC-USDT @ 1787504400
[replaying  85%] replaying BTC-USDT @ 1787504460
[replaying  85%] replaying BTC-USDT @ 1787504520
[replaying  85%] replaying BTC-USDT @ 1787504580
[replaying  86%] replaying BTC-USDT @ 1787504640
[replaying  86%] replaying BTC-USDT @ 1787504700
[replaying  86%] replaying BTC-USDT @ 1787504760
[replaying  86%] replaying BTC-USDT @ 1787504820
[replaying  86%] replaying BTC-USDT @ 1787504880
[replaying  86%] replaying BTC-USDT @ 1787504940
[replaying  86%] replaying BTC-USDT @ 1787505000
[replaying  86%] replaying BTC-USDT @ 1787505060
[replaying  86%] replaying BTC-USDT @ 1787505120
[replaying  86%] replaying BTC-USDT @ 1787505180
[replaying  86%] replaying BTC-USDT @ 1787505240
[replaying  87%] replaying BTC-USDT @ 1787505300
[replaying  87%] replaying BTC-USDT @ 1787505360
[replaying  87%] replaying BTC-USDT @ 1787505420
[replaying  87%] replaying BTC-USDT @ 1787505480
[replaying  87%] replaying BTC-USDT @ 1787505540
[replaying  87%] replaying BTC-USDT @ 1787505600
[replaying  87%] replaying BTC-USDT @ 1787505660
[replaying  87%] replaying BTC-USDT @ 1787505720
[replaying  87%] replaying BTC-USDT @ 1787505780
[replaying  87%] replaying BTC-USDT @ 1787505840
[replaying  87%] replaying BTC-USDT @ 1787505900
[replaying  88%] replaying BTC-USDT @ 1787505960
[replaying  88%] replaying BTC-USDT @ 1787506020
[replaying  88%] replaying BTC-USDT @ 1787506080
[replaying  88%] replaying BTC-USDT @ 1787506140
[replaying  88%] replaying BTC-USDT @ 1787506200
[replaying  88%] replaying BTC-USDT @ 1787506260
[replaying  88%] replaying BTC-USDT @ 1787506320
[replaying  88%] replaying BTC-USDT @ 1787506380
[replaying  88%] replaying BTC-USDT @ 1787506440
[replaying  88%] replaying BTC-USDT @ 1787506500
[replaying  89%] replaying BTC-USDT @ 1787506560
[replaying  89%] replaying BTC-USDT @ 1787506620
[replaying  89%] replaying BTC-USDT @ 1787506680
[replaying  89%] replaying BTC-USDT @ 1787506740
[replaying  89%] replaying BTC-USDT @ 1787506800
[replaying  89%] replaying BTC-USDT @ 1787506860
[replaying  89%] replaying BTC-USDT @ 1787506920
[replaying  89%] replaying BTC-USDT @ 1787506980
[replaying  89%] replaying BTC-USDT @ 1787507040
[replaying  89%] replaying BTC-USDT @ 1787507100
[replaying  89%] replaying BTC-USDT @ 1787507160
[replaying  90%] replaying BTC-USDT @ 1787507220
[replaying  90%] replaying BTC-USDT @ 1787507280
[replaying  90%] replaying BTC-USDT @ 1787507340
[replaying  90%] replaying BTC-USDT @ 1787507400
[replaying  90%] replaying BTC-USDT @ 1787507460
[replaying  90%] replaying BTC-USDT @ 1787507520
[replaying  90%] replaying BTC-USDT @ 1787507580
[replaying  90%] replaying BTC-USDT @ 1787507640
[replaying  90%] replaying BTC-USDT @ 1787507700
[replaying  90%] replaying BTC-USDT @ 1787507760
[replaying  90%] replaying BTC-USDT @ 1787507820
[replaying  91%] replaying BTC-USDT @ 1787507880
[replaying  91%] replaying BTC-USDT @ 1787507940
[replaying  91%] replaying BTC-USDT @ 1787508000
[replaying  91%] replaying BTC-USDT @ 1787508060
[replaying  91%] replaying BTC-USDT @ 1787508120
[replaying  91%] replaying BTC-USDT @ 1787508180
[replaying  91%] replaying BTC-USDT @ 1787508240
[replaying  91%] replaying BTC-USDT @ 1787508300
[replaying  91%] replaying BTC-USDT @ 1787508360
[replaying  91%] replaying BTC-USDT @ 1787508420
[replaying  91%] replaying BTC-USDT @ 1787508480
[replaying  92%] replaying BTC-USDT @ 1787508540
[replaying  92%] replaying BTC-USDT @ 1787508600
[replaying  92%] replaying BTC-USDT @ 1787508660
[replaying  92%] replaying BTC-USDT @ 1787508720
[replaying  92%] replaying BTC-USDT @ 1787508780
[replaying  92%] replaying BTC-USDT @ 1787508840
[replaying  92%] replaying BTC-USDT @ 1787508900
[replaying  92%] replaying BTC-USDT @ 1787508960
[replaying  92%] replaying BTC-USDT @ 1787509020
[replaying  92%] replaying BTC-USDT @ 1787509080
[replaying  93%] replaying BTC-USDT @ 1787509140
[replaying  93%] replaying BTC-USDT @ 1787509200
[replaying  93%] replaying BTC-USDT @ 1787509260
[replaying  93%] replaying BTC-USDT @ 1787509320
[replaying  93%] replaying BTC-USDT @ 1787509380
[replaying  93%] replaying BTC-USDT @ 1787509440
[replaying  93%] replaying BTC-USDT @ 1787509500
[replaying  93%] replaying BTC-USDT @ 1787509560
[replaying  93%] replaying BTC-USDT @ 1787509620
[replaying  93%] replaying BTC-USDT @ 1787509680
[replaying  93%] replaying BTC-USDT @ 1787509740
[replaying  94%] replaying BTC-USDT @ 1787509800
[replaying  94%] replaying BTC-USDT @ 1787509860
[replaying  94%] replaying BTC-USDT @ 1787509920
[replaying  94%] replaying BTC-USDT @ 1787509980
[replaying  94%] replaying BTC-USDT @ 1787510040
[replaying  94%] replaying BTC-USDT @ 1787510100
[replaying  94%] replaying BTC-USDT @ 1787510160
[replaying  94%] replaying BTC-USDT @ 1787510220
[replaying  94%] replaying BTC-USDT @ 1787510280
[replaying  94%] replaying BTC-USDT @ 1787510340
[replaying  94%] replaying BTC-USDT @ 1787510400
[replaying  95%] replaying BTC-USDT @ 1787510460
[replaying  95%] replaying BTC-USDT @ 1787510520
[replaying  95%] replaying BTC-USDT @ 1787510580
[replaying  95%] replaying BTC-USDT @ 1787510640
[replaying  95%] replaying BTC-USDT @ 1787510700
[replaying  95%] replaying BTC-USDT @ 1787510760
[replaying  95%] replaying BTC-USDT @ 1787510820
[replaying  95%] replaying BTC-USDT @ 1787510880
[replaying  95%] replaying BTC-USDT @ 1787510940
[replaying  95%] replaying BTC-USDT @ 1787511000
[replaying  96%] replaying BTC-USDT @ 1787511060
[replaying  96%] replaying BTC-USDT @ 1787511120
[replaying  96%] replaying BTC-USDT @ 1787511180
[replaying  96%] replaying BTC-USDT @ 1787511240
[replaying  96%] replaying BTC-USDT @ 1787511300
[replaying  96%] replaying BTC-USDT @ 1787511360
[replaying  96%] replaying BTC-USDT @ 1787511420
[replaying  96%] replaying BTC-USDT @ 1787511480
[replaying  96%] replaying BTC-USDT @ 1787511540
[replaying  96%] replaying BTC-USDT @ 1787511600
[replaying  96%] replaying BTC-USDT @ 1787511660
[replaying  97%] replaying BTC-USDT @ 1787511720
[replaying  97%] replaying BTC-USDT @ 1787511780
[replaying  97%] replaying BTC-USDT @ 1787511840
[replaying  97%] replaying BTC-USDT @ 1787511900
[replaying  97%] replaying BTC-USDT @ 1787511960
[replaying  97%] replaying BTC-USDT @ 1787512020
[replaying  97%] replaying BTC-USDT @ 1787512080
[replaying  97%] replaying BTC-USDT @ 1787512140
[replaying  97%] replaying BTC-USDT @ 1787512200
[replaying  97%] replaying BTC-USDT @ 1787512260
[replaying  97%] replaying BTC-USDT @ 1787512320
[replaying  98%] replaying BTC-USDT @ 1787512380
[replaying  98%] replaying BTC-USDT @ 1787512440
[replaying  98%] replaying BTC-USDT @ 1787512500
[replaying  98%] replaying BTC-USDT @ 1787512560
[replaying  98%] replaying BTC-USDT @ 1787512620
[replaying  98%] replaying BTC-USDT @ 1787512680
[replaying  98%] replaying BTC-USDT @ 1787512740
[replaying  98%] replaying BTC-USDT @ 1787512800
[replaying  98%] replaying BTC-USDT @ 1787512860
[replaying  98%] replaying BTC-USDT @ 1787512920
[replaying  99%] replaying BTC-USDT @ 1787512980
[replaying  99%] replaying BTC-USDT @ 1787513040
[replaying  99%] replaying BTC-USDT @ 1787513100
[replaying  99%] replaying BTC-USDT @ 1787513160
[replaying  99%] replaying BTC-USDT @ 1787513220
[replaying  99%] replaying BTC-USDT @ 1787513280
[replaying  99%] replaying BTC-USDT @ 1787513340
[replaying  99%] replaying BTC-USDT @ 1787513400
[replaying  99%] replaying BTC-USDT @ 1787513460
[replaying  99%] replaying BTC-USDT @ 1787513520
[replaying  99%] replaying BTC-USDT @ 1787513580
[replaying 100%] replaying BTC-USDT @ 1787513640
[replaying 100%] replaying BTC-USDT @ 1787513700
[replaying 100%] replaying BTC-USDT @ 1787513760
[replaying 100%] replaying BTC-USDT @ 1787513820
[replaying 100%] replaying BTC-USDT @ 1787513880
[replaying 100%] replaying BTC-USDT @ 1787513940
[analyzing 100%] analysis complete
OK run=5 trades=0 equity_points=1070 final_equity=1000.00
