🧪 CLI backtest: exchange=bitget symbols=BTC-USDT tf=[180, 300, 900, 3600] depth=14d capital=1000 allocation=10%
[fetching 2 pages · 399 candles] BTC-USDT 3600s
[fetching 2 pages · 399 candles] BTC-USDT 3600s
[warming    25%] warming BTC-USDT 180s (1/4)
[warming    50%] warming BTC-USDT 300s (2/4)
[warming    75%] warming BTC-USDT 900s (3/4)
[warming   100%] warming BTC-USDT 3600s (4/4)
[replaying   0%] replaying BTC-USDT @ 1787364360
[replaying   0%] replaying BTC-USDT @ 1787364540
[replaying   0%] replaying BTC-USDT @ 1787364720
[replaying   1%] replaying BTC-USDT @ 1787364900
[replaying   1%] replaying BTC-USDT @ 1787365080
[replaying   1%] replaying BTC-USDT @ 1787365260
[replaying   1%] replaying BTC-USDT @ 1787365440
[replaying   1%] replaying BTC-USDT @ 1787365620
[replaying   1%] replaying BTC-USDT @ 1787365800
[replaying   1%] replaying BTC-USDT @ 1787365980
[replaying   2%] replaying BTC-USDT @ 1787366160
[replaying   2%] replaying BTC-USDT @ 1787366340
[replaying   2%] replaying BTC-USDT @ 1787366520
[replaying   2%] replaying BTC-USDT @ 1787366700
[replaying   2%] replaying BTC-USDT @ 1787366880
[replaying   2%] replaying BTC-USDT @ 1787367060
[replaying   2%] replaying BTC-USDT @ 1787367240
[replaying   3%] replaying BTC-USDT @ 1787367420
[replaying   3%] replaying BTC-USDT @ 1787367600
[replaying   3%] replaying BTC-USDT @ 1787367780
[replaying   3%] replaying BTC-USDT @ 1787367960
[replaying   3%] replaying BTC-USDT @ 1787368140
[replaying   3%] replaying BTC-USDT @ 1787368320
[replaying   3%] replaying BTC-USDT @ 1787368500
[replaying   4%] replaying BTC-USDT @ 1787368680
[replaying   4%] replaying BTC-USDT @ 1787368860
[replaying   4%] replaying BTC-USDT @ 1787369040
[replaying   4%] replaying BTC-USDT @ 1787369220
[replaying   4%] replaying BTC-USDT @ 1787369400
[replaying   4%] replaying BTC-USDT @ 1787369580
[replaying   4%] replaying BTC-USDT @ 1787369760
[replaying   5%] replaying BTC-USDT @ 1787369940
[replaying   5%] replaying BTC-USDT @ 1787370120
[replaying   5%] replaying BTC-USDT @ 1787370300
[replaying   5%] replaying BTC-USDT @ 1787370480
[replaying   5%] replaying BTC-USDT @ 1787370660
[replaying   5%] replaying BTC-USDT @ 1787370840
[replaying   5%] replaying BTC-USDT @ 1787371020
[replaying   6%] replaying BTC-USDT @ 1787371200
[replaying   6%] replaying BTC-USDT @ 1787371380
[replaying   6%] replaying BTC-USDT @ 1787371560
[replaying   6%] replaying BTC-USDT @ 1787371740
[replaying   6%] replaying BTC-USDT @ 1787371920
[replaying   6%] replaying BTC-USDT @ 1787372100
[replaying   7%] replaying BTC-USDT @ 1787372280
[replaying   7%] replaying BTC-USDT @ 1787372460
[replaying   7%] replaying BTC-USDT @ 1787372640
[replaying   7%] replaying BTC-USDT @ 1787372820
[replaying   7%] replaying BTC-USDT @ 1787373000
[replaying   7%] replaying BTC-USDT @ 1787373180
[replaying   7%] replaying BTC-USDT @ 1787373360
[replaying   8%] replaying BTC-USDT @ 1787373540
[replaying   8%] replaying BTC-USDT @ 1787373720
[replaying   8%] replaying BTC-USDT @ 1787373900
[replaying   8%] replaying BTC-USDT @ 1787374080
[replaying   8%] replaying BTC-USDT @ 1787374260
[replaying   8%] replaying BTC-USDT @ 1787374440
[replaying   8%] replaying BTC-USDT @ 1787374620
[replaying   9%] replaying BTC-USDT @ 1787374800
[replaying   9%] replaying BTC-USDT @ 1787374980
[replaying   9%] replaying BTC-USDT @ 1787375160
[replaying   9%] replaying BTC-USDT @ 1787375340
[replaying   9%] replaying BTC-USDT @ 1787375520
[replaying   9%] replaying BTC-USDT @ 1787375700
[replaying   9%] replaying BTC-USDT @ 1787375880
[replaying  10%] replaying BTC-USDT @ 1787376060
[replaying  10%] replaying BTC-USDT @ 1787376240
[replaying  10%] replaying BTC-USDT @ 1787376420
[replaying  10%] replaying BTC-USDT @ 1787376600
[replaying  10%] replaying BTC-USDT @ 1787376780
[replaying  10%] replaying BTC-USDT @ 1787376960
[replaying  10%] replaying BTC-USDT @ 1787377140
[replaying  11%] replaying BTC-USDT @ 1787377320
[replaying  11%] replaying BTC-USDT @ 1787377500
[replaying  11%] replaying BTC-USDT @ 1787377680
[replaying  11%] replaying BTC-USDT @ 1787377860
[replaying  11%] replaying BTC-USDT @ 1787378040
[replaying  11%] replaying BTC-USDT @ 1787378220
[replaying  11%] replaying BTC-USDT @ 1787378400
[replaying  12%] replaying BTC-USDT @ 1787378580
[replaying  12%] replaying BTC-USDT @ 1787378760
[replaying  12%] replaying BTC-USDT @ 1787378940
[replaying  12%] replaying BTC-USDT @ 1787379120
[replaying  12%] replaying BTC-USDT @ 1787379300
[replaying  12%] replaying BTC-USDT @ 1787379480
[replaying  12%] replaying BTC-USDT @ 1787379660
[replaying  13%] replaying BTC-USDT @ 1787379840
[replaying  13%] replaying BTC-USDT @ 1787380020
[replaying  13%] replaying BTC-USDT @ 1787380200
[replaying  13%] replaying BTC-USDT @ 1787380380
[replaying  13%] replaying BTC-USDT @ 1787380560
[replaying  13%] replaying BTC-USDT @ 1787380740
[replaying  13%] replaying BTC-USDT @ 1787380920
[replaying  14%] replaying BTC-USDT @ 1787381100
[replaying  14%] replaying BTC-USDT @ 1787381280
[replaying  14%] replaying BTC-USDT @ 1787381460
[replaying  14%] replaying BTC-USDT @ 1787381640
[replaying  14%] replaying BTC-USDT @ 1787381820
[replaying  14%] replaying BTC-USDT @ 1787382000
[replaying  14%] replaying BTC-USDT @ 1787382180
[replaying  15%] replaying BTC-USDT @ 1787382360
[replaying  15%] replaying BTC-USDT @ 1787382540
[replaying  15%] replaying BTC-USDT @ 1787382720
[replaying  15%] replaying BTC-USDT @ 1787382900
[replaying  15%] replaying BTC-USDT @ 1787383080
[replaying  15%] replaying BTC-USDT @ 1787383260
[replaying  15%] replaying BTC-USDT @ 1787383440
[replaying  16%] replaying BTC-USDT @ 1787383620
[replaying  16%] replaying BTC-USDT @ 1787383800
[replaying  16%] replaying BTC-USDT @ 1787383980
[replaying  16%] replaying BTC-USDT @ 1787384160
[replaying  16%] replaying BTC-USDT @ 1787384340
[replaying  16%] replaying BTC-USDT @ 1787384520
[replaying  16%] replaying BTC-USDT @ 1787384700
[replaying  17%] replaying BTC-USDT @ 1787384880
[replaying  17%] replaying BTC-USDT @ 1787385060
[replaying  17%] replaying BTC-USDT @ 1787385240
[replaying  17%] replaying BTC-USDT @ 1787385420
[replaying  17%] replaying BTC-USDT @ 1787385600
[replaying  17%] replaying BTC-USDT @ 1787385780
[replaying  18%] replaying BTC-USDT @ 1787385960
[replaying  18%] replaying BTC-USDT @ 1787386140
[replaying  18%] replaying BTC-USDT @ 1787386320
[replaying  18%] replaying BTC-USDT @ 1787386500
[replaying  18%] replaying BTC-USDT @ 1787386680
[replaying  18%] replaying BTC-USDT @ 1787386860
[replaying  18%] replaying BTC-USDT @ 1787387040
[replaying  19%] replaying BTC-USDT @ 1787387220
[replaying  19%] replaying BTC-USDT @ 1787387400
[replaying  19%] replaying BTC-USDT @ 1787387580
[replaying  19%] replaying BTC-USDT @ 1787387760
[replaying  19%] replaying BTC-USDT @ 1787387940
[replaying  19%] replaying BTC-USDT @ 1787388120
[replaying  19%] replaying BTC-USDT @ 1787388300
[replaying  20%] replaying BTC-USDT @ 1787388480
[replaying  20%] replaying BTC-USDT @ 1787388660
[replaying  20%] replaying BTC-USDT @ 1787388840
[replaying  20%] replaying BTC-USDT @ 1787389020
[replaying  20%] replaying BTC-USDT @ 1787389200
[replaying  20%] replaying BTC-USDT @ 1787389380
[replaying  20%] replaying BTC-USDT @ 1787389560
[replaying  21%] replaying BTC-USDT @ 1787389740
[replaying  21%] replaying BTC-USDT @ 1787389920
[replaying  21%] replaying BTC-USDT @ 1787390100
[replaying  21%] replaying BTC-USDT @ 1787390280
[replaying  21%] replaying BTC-USDT @ 1787390460
[replaying  21%] replaying BTC-USDT @ 1787390640
[replaying  21%] replaying BTC-USDT @ 1787390820
[replaying  22%] replaying BTC-USDT @ 1787391000
[replaying  22%] replaying BTC-USDT @ 1787391180
[replaying  22%] replaying BTC-USDT @ 1787391360
[replaying  22%] replaying BTC-USDT @ 1787391540
[replaying  22%] replaying BTC-USDT @ 1787391720
[replaying  22%] replaying BTC-USDT @ 1787391900
[replaying  22%] replaying BTC-USDT @ 1787392080
[replaying  23%] replaying BTC-USDT @ 1787392260
[replaying  23%] replaying BTC-USDT @ 1787392440
[replaying  23%] replaying BTC-USDT @ 1787392620
[replaying  23%] replaying BTC-USDT @ 1787392800
[replaying  23%] replaying BTC-USDT @ 1787392980
[replaying  23%] replaying BTC-USDT @ 1787393160
[replaying  23%] replaying BTC-USDT @ 1787393340
[replaying  24%] replaying BTC-USDT @ 1787393520
[replaying  24%] replaying BTC-USDT @ 1787393700
[replaying  24%] replaying BTC-USDT @ 1787393880
[replaying  24%] replaying BTC-USDT @ 1787394060
[replaying  24%] replaying BTC-USDT @ 1787394240
[replaying  24%] replaying BTC-USDT @ 1787394420
[replaying  24%] replaying BTC-USDT @ 1787394600
[replaying  25%] replaying BTC-USDT @ 1787394780
[replaying  25%] replaying BTC-USDT @ 1787394960
[replaying  25%] replaying BTC-USDT @ 1787395140
[replaying  25%] replaying BTC-USDT @ 1787395320
[replaying  25%] replaying BTC-USDT @ 1787395500
[replaying  25%] replaying BTC-USDT @ 1787395680
[replaying  25%] replaying BTC-USDT @ 1787395860
[replaying  26%] replaying BTC-USDT @ 1787396040
[replaying  26%] replaying BTC-USDT @ 1787396220
[replaying  26%] replaying BTC-USDT @ 1787396400
[replaying  26%] replaying BTC-USDT @ 1787396580
[replaying  26%] replaying BTC-USDT @ 1787396760
[replaying  26%] replaying BTC-USDT @ 1787396940
[replaying  26%] replaying BTC-USDT @ 1787397120
[replaying  27%] replaying BTC-USDT @ 1787397300
[replaying  27%] replaying BTC-USDT @ 1787397480
[replaying  27%] replaying BTC-USDT @ 1787397660
[replaying  27%] replaying BTC-USDT @ 1787397840
[replaying  27%] replaying BTC-USDT @ 1787398020
[replaying  27%] replaying BTC-USDT @ 1787398200
[replaying  27%] replaying BTC-USDT @ 1787398380
[replaying  28%] replaying BTC-USDT @ 1787398560
[replaying  28%] replaying BTC-USDT @ 1787398740
[replaying  28%] replaying BTC-USDT @ 1787398920
[replaying  28%] replaying BTC-USDT @ 1787399100
[replaying  28%] replaying BTC-USDT @ 1787399280
[replaying  28%] replaying BTC-USDT @ 1787399460
[replaying  29%] replaying BTC-USDT @ 1787399640
[replaying  29%] replaying BTC-USDT @ 1787399820
[replaying  29%] replaying BTC-USDT @ 1787400000
[replaying  29%] replaying BTC-USDT @ 1787400180
[replaying  29%] replaying BTC-USDT @ 1787400360
[replaying  29%] replaying BTC-USDT @ 1787400540
[replaying  29%] replaying BTC-USDT @ 1787400720
[replaying  30%] replaying BTC-USDT @ 1787400900
[replaying  30%] replaying BTC-USDT @ 1787401080
[replaying  30%] replaying BTC-USDT @ 1787401260
[replaying  30%] replaying BTC-USDT @ 1787401440
[replaying  30%] replaying BTC-USDT @ 1787401620
[replaying  30%] replaying BTC-USDT @ 1787401800
[replaying  30%] replaying BTC-USDT @ 1787401980
[replaying  31%] replaying BTC-USDT @ 1787402160
[replaying  31%] replaying BTC-USDT @ 1787402340
[replaying  31%] replaying BTC-USDT @ 1787402520
[replaying  31%] replaying BTC-USDT @ 1787402700
[replaying  31%] replaying BTC-USDT @ 1787402880
[replaying  31%] replaying BTC-USDT @ 1787403060
[replaying  31%] replaying BTC-USDT @ 1787403240
[replaying  32%] replaying BTC-USDT @ 1787403420
[replaying  32%] replaying BTC-USDT @ 1787403600
[replaying  32%] replaying BTC-USDT @ 1787403780
[replaying  32%] replaying BTC-USDT @ 1787403960
[replaying  32%] replaying BTC-USDT @ 1787404140
[replaying  32%] replaying BTC-USDT @ 1787404320
[replaying  32%] replaying BTC-USDT @ 1787404500
[replaying  33%] replaying BTC-USDT @ 1787404680
[replaying  33%] replaying BTC-USDT @ 1787404860
[replaying  33%] replaying BTC-USDT @ 1787405040
[replaying  33%] replaying BTC-USDT @ 1787405220
[replaying  33%] replaying BTC-USDT @ 1787405400
[replaying  33%] replaying BTC-USDT @ 1787405580
[replaying  33%] replaying BTC-USDT @ 1787405760
[replaying  34%] replaying BTC-USDT @ 1787405940
[replaying  34%] replaying BTC-USDT @ 1787406120
[replaying  34%] replaying BTC-USDT @ 1787406300
[replaying  34%] replaying BTC-USDT @ 1787406480
[replaying  34%] replaying BTC-USDT @ 1787406660
[replaying  34%] replaying BTC-USDT @ 1787406840
[replaying  34%] replaying BTC-USDT @ 1787407020
[replaying  35%] replaying BTC-USDT @ 1787407200
[replaying  35%] replaying BTC-USDT @ 1787407380
[replaying  35%] replaying BTC-USDT @ 1787407560
[replaying  35%] replaying BTC-USDT @ 1787407740
[replaying  35%] replaying BTC-USDT @ 1787407920
[replaying  35%] replaying BTC-USDT @ 1787408100
[replaying  35%] replaying BTC-USDT @ 1787408280
[replaying  36%] replaying BTC-USDT @ 1787408460
[replaying  36%] replaying BTC-USDT @ 1787408640
[replaying  36%] replaying BTC-USDT @ 1787408820
[replaying  36%] replaying BTC-USDT @ 1787409000
[replaying  36%] replaying BTC-USDT @ 1787409180
[replaying  36%] replaying BTC-USDT @ 1787409360
[replaying  36%] replaying BTC-USDT @ 1787409540
[replaying  37%] replaying BTC-USDT @ 1787409720
[replaying  37%] replaying BTC-USDT @ 1787409900
[replaying  37%] replaying BTC-USDT @ 1787410080
[replaying  37%] replaying BTC-USDT @ 1787410260
[replaying  37%] replaying BTC-USDT @ 1787410440
[replaying  37%] replaying BTC-USDT @ 1787410620
[replaying  37%] replaying BTC-USDT @ 1787410800
[replaying  38%] replaying BTC-USDT @ 1787410980
[replaying  38%] replaying BTC-USDT @ 1787411160
[replaying  38%] replaying BTC-USDT @ 1787411340
[replaying  38%] replaying BTC-USDT @ 1787411520
[replaying  38%] replaying BTC-USDT @ 1787411700
[replaying  38%] replaying BTC-USDT @ 1787411880
[replaying  38%] replaying BTC-USDT @ 1787412060
[replaying  39%] replaying BTC-USDT @ 1787412240
[replaying  39%] replaying BTC-USDT @ 1787412420
[replaying  39%] replaying BTC-USDT @ 1787412600
[replaying  39%] replaying BTC-USDT @ 1787412780
[replaying  39%] replaying BTC-USDT @ 1787412960
[replaying  39%] replaying BTC-USDT @ 1787413140
[replaying  40%] replaying BTC-USDT @ 1787413320
[replaying  40%] replaying BTC-USDT @ 1787413500
[replaying  40%] replaying BTC-USDT @ 1787413680
[replaying  40%] replaying BTC-USDT @ 1787413860
[replaying  40%] replaying BTC-USDT @ 1787414040
[replaying  40%] replaying BTC-USDT @ 1787414220
[replaying  40%] replaying BTC-USDT @ 1787414400
[replaying  41%] replaying BTC-USDT @ 1787414580
[replaying  41%] replaying BTC-USDT @ 1787414760
[replaying  41%] replaying BTC-USDT @ 1787414940
[replaying  41%] replaying BTC-USDT @ 1787415120
[replaying  41%] replaying BTC-USDT @ 1787415300
[replaying  41%] replaying BTC-USDT @ 1787415480
[replaying  41%] replaying BTC-USDT @ 1787415660
[replaying  42%] replaying BTC-USDT @ 1787415840
[replaying  42%] replaying BTC-USDT @ 1787416020
[replaying  42%] replaying BTC-USDT @ 1787416200
[replaying  42%] replaying BTC-USDT @ 1787416380
[replaying  42%] replaying BTC-USDT @ 1787416560
[replaying  42%] replaying BTC-USDT @ 1787416740
[replaying  42%] replaying BTC-USDT @ 1787416920
[replaying  43%] replaying BTC-USDT @ 1787417100
[replaying  43%] replaying BTC-USDT @ 1787417280
[replaying  43%] replaying BTC-USDT @ 1787417460
[replaying  43%] replaying BTC-USDT @ 1787417640
[replaying  43%] replaying BTC-USDT @ 1787417820
[replaying  43%] replaying BTC-USDT @ 1787418000
[replaying  43%] replaying BTC-USDT @ 1787418180
[replaying  44%] replaying BTC-USDT @ 1787418360
[replaying  44%] replaying BTC-USDT @ 1787418540
[replaying  44%] replaying BTC-USDT @ 1787418720
[replaying  44%] replaying BTC-USDT @ 1787418900
[replaying  44%] replaying BTC-USDT @ 1787419080
[replaying  44%] replaying BTC-USDT @ 1787419260
[replaying  44%] replaying BTC-USDT @ 1787419440
[replaying  45%] replaying BTC-USDT @ 1787419620
[replaying  45%] replaying BTC-USDT @ 1787419800
[replaying  45%] replaying BTC-USDT @ 1787419980
[replaying  45%] replaying BTC-USDT @ 1787420160
[replaying  45%] replaying BTC-USDT @ 1787420340
[replaying  45%] replaying BTC-USDT @ 1787420520
[replaying  45%] replaying BTC-USDT @ 1787420700
[replaying  46%] replaying BTC-USDT @ 1787420880
[replaying  46%] replaying BTC-USDT @ 1787421060
[replaying  46%] replaying BTC-USDT @ 1787421240
[replaying  46%] replaying BTC-USDT @ 1787421420
[replaying  46%] replaying BTC-USDT @ 1787421600
[replaying  46%] replaying BTC-USDT @ 1787421780
[replaying  46%] replaying BTC-USDT @ 1787421960
[replaying  47%] replaying BTC-USDT @ 1787422140
[replaying  47%] replaying BTC-USDT @ 1787422320
[replaying  47%] replaying BTC-USDT @ 1787422500
[replaying  47%] replaying BTC-USDT @ 1787422680
[replaying  47%] replaying BTC-USDT @ 1787422860
[replaying  47%] replaying BTC-USDT @ 1787423040
[replaying  47%] replaying BTC-USDT @ 1787423220
[replaying  48%] replaying BTC-USDT @ 1787423400
[replaying  48%] replaying BTC-USDT @ 1787423580
[replaying  48%] replaying BTC-USDT @ 1787423760
[replaying  48%] replaying BTC-USDT @ 1787423940
[replaying  48%] replaying BTC-USDT @ 1787424120
[replaying  48%] replaying BTC-USDT @ 1787424300
[replaying  48%] replaying BTC-USDT @ 1787424480
[replaying  49%] replaying BTC-USDT @ 1787424660
[replaying  49%] replaying BTC-USDT @ 1787424840
[replaying  49%] replaying BTC-USDT @ 1787425020
[replaying  49%] replaying BTC-USDT @ 1787425200
[replaying  49%] replaying BTC-USDT @ 1787425380
[replaying  49%] replaying BTC-USDT @ 1787425560
[replaying  49%] replaying BTC-USDT @ 1787425740
[replaying  50%] replaying BTC-USDT @ 1787425920
[replaying  50%] replaying BTC-USDT @ 1787426100
[replaying  50%] replaying BTC-USDT @ 1787426280
[replaying  50%] replaying BTC-USDT @ 1787426460
[replaying  50%] replaying BTC-USDT @ 1787426640
[replaying  50%] replaying BTC-USDT @ 1787426820
[replaying  51%] replaying BTC-USDT @ 1787427000
[replaying  51%] replaying BTC-USDT @ 1787427180
[replaying  51%] replaying BTC-USDT @ 1787427360
[replaying  51%] replaying BTC-USDT @ 1787427540
[replaying  51%] replaying BTC-USDT @ 1787427720
[replaying  51%] replaying BTC-USDT @ 1787427900
[replaying  51%] replaying BTC-USDT @ 1787428080
[replaying  52%] replaying BTC-USDT @ 1787428260
[replaying  52%] replaying BTC-USDT @ 1787428440
[replaying  52%] replaying BTC-USDT @ 1787428620
[replaying  52%] replaying BTC-USDT @ 1787428800
[replaying  52%] replaying BTC-USDT @ 1787428980
[replaying  52%] replaying BTC-USDT @ 1787429160
[replaying  52%] replaying BTC-USDT @ 1787429340
[replaying  53%] replaying BTC-USDT @ 1787429520
[replaying  53%] replaying BTC-USDT @ 1787429700
[replaying  53%] replaying BTC-USDT @ 1787429880
[replaying  53%] replaying BTC-USDT @ 1787430060
[replaying  53%] replaying BTC-USDT @ 1787430240
[replaying  53%] replaying BTC-USDT @ 1787430420
[replaying  53%] replaying BTC-USDT @ 1787430600
[replaying  54%] replaying BTC-USDT @ 1787430780
[replaying  54%] replaying BTC-USDT @ 1787430960
[replaying  54%] replaying BTC-USDT @ 1787431140
[replaying  54%] replaying BTC-USDT @ 1787431320
[replaying  54%] replaying BTC-USDT @ 1787431500
[replaying  54%] replaying BTC-USDT @ 1787431680
[replaying  54%] replaying BTC-USDT @ 1787431860
[replaying  55%] replaying BTC-USDT @ 1787432040
[replaying  55%] replaying BTC-USDT @ 1787432220
[replaying  55%] replaying BTC-USDT @ 1787432400
[replaying  55%] replaying BTC-USDT @ 1787432580
[replaying  55%] replaying BTC-USDT @ 1787432760
[replaying  55%] replaying BTC-USDT @ 1787432940
[replaying  55%] replaying BTC-USDT @ 1787433120
[replaying  56%] replaying BTC-USDT @ 1787433300
[replaying  56%] replaying BTC-USDT @ 1787433480
[replaying  56%] replaying BTC-USDT @ 1787433660
[replaying  56%] replaying BTC-USDT @ 1787433840
[replaying  56%] replaying BTC-USDT @ 1787434020
[replaying  56%] replaying BTC-USDT @ 1787434200
[replaying  56%] replaying BTC-USDT @ 1787434380
[replaying  57%] replaying BTC-USDT @ 1787434560
[replaying  57%] replaying BTC-USDT @ 1787434740
[replaying  57%] replaying BTC-USDT @ 1787434920
[replaying  57%] replaying BTC-USDT @ 1787435100
[replaying  57%] replaying BTC-USDT @ 1787435280
[replaying  57%] replaying BTC-USDT @ 1787435460
[replaying  57%] replaying BTC-USDT @ 1787435640
[replaying  58%] replaying BTC-USDT @ 1787435820
[replaying  58%] replaying BTC-USDT @ 1787436000
[replaying  58%] replaying BTC-USDT @ 1787436180
[replaying  58%] replaying BTC-USDT @ 1787436360
[replaying  58%] replaying BTC-USDT @ 1787436540
[replaying  58%] replaying BTC-USDT @ 1787436720
[replaying  58%] replaying BTC-USDT @ 1787436900
[replaying  59%] replaying BTC-USDT @ 1787437080
[replaying  59%] replaying BTC-USDT @ 1787437260
[replaying  59%] replaying BTC-USDT @ 1787437440
[replaying  59%] replaying BTC-USDT @ 1787437620
[replaying  59%] replaying BTC-USDT @ 1787437800
[replaying  59%] replaying BTC-USDT @ 1787437980
[replaying  59%] replaying BTC-USDT @ 1787438160
[replaying  60%] replaying BTC-USDT @ 1787438340
[replaying  60%] replaying BTC-USDT @ 1787438520
[replaying  60%] replaying BTC-USDT @ 1787438700
[replaying  60%] replaying BTC-USDT @ 1787438880
[replaying  60%] replaying BTC-USDT @ 1787439060
[replaying  60%] replaying BTC-USDT @ 1787439240
[replaying  60%] replaying BTC-USDT @ 1787439420
[replaying  61%] replaying BTC-USDT @ 1787439600
[replaying  61%] replaying BTC-USDT @ 1787439780
[replaying  61%] replaying BTC-USDT @ 1787439960
[replaying  61%] replaying BTC-USDT @ 1787440140
[replaying  61%] replaying BTC-USDT @ 1787440320
[replaying  61%] replaying BTC-USDT @ 1787440500
[replaying  62%] replaying BTC-USDT @ 1787440680
[replaying  62%] replaying BTC-USDT @ 1787440860
[replaying  62%] replaying BTC-USDT @ 1787441040
[replaying  62%] replaying BTC-USDT @ 1787441220
[replaying  62%] replaying BTC-USDT @ 1787441400
[replaying  62%] replaying BTC-USDT @ 1787441580
[replaying  62%] replaying BTC-USDT @ 1787441760
[replaying  63%] replaying BTC-USDT @ 1787441940
[replaying  63%] replaying BTC-USDT @ 1787442120
[replaying  63%] replaying BTC-USDT @ 1787442300
[replaying  63%] replaying BTC-USDT @ 1787442480
[replaying  63%] replaying BTC-USDT @ 1787442660
[replaying  63%] replaying BTC-USDT @ 1787442840
[replaying  63%] replaying BTC-USDT @ 1787443020
[replaying  64%] replaying BTC-USDT @ 1787443200
[replaying  64%] replaying BTC-USDT @ 1787443380
[replaying  64%] replaying BTC-USDT @ 1787443560
[replaying  64%] replaying BTC-USDT @ 1787443740
[replaying  64%] replaying BTC-USDT @ 1787443920
[replaying  64%] replaying BTC-USDT @ 1787444100
[replaying  64%] replaying BTC-USDT @ 1787444280
[replaying  65%] replaying BTC-USDT @ 1787444460
[replaying  65%] replaying BTC-USDT @ 1787444640
[replaying  65%] replaying BTC-USDT @ 1787444820
[replaying  65%] replaying BTC-USDT @ 1787445000
[replaying  65%] replaying BTC-USDT @ 1787445180
[replaying  65%] replaying BTC-USDT @ 1787445360
[replaying  65%] replaying BTC-USDT @ 1787445540
[replaying  66%] replaying BTC-USDT @ 1787445720
[replaying  66%] replaying BTC-USDT @ 1787445900
[replaying  66%] replaying BTC-USDT @ 1787446080
[replaying  66%] replaying BTC-USDT @ 1787446260
[replaying  66%] replaying BTC-USDT @ 1787446440
[replaying  66%] replaying BTC-USDT @ 1787446620
[replaying  66%] replaying BTC-USDT @ 1787446800
[replaying  67%] replaying BTC-USDT @ 1787446980
[replaying  67%] replaying BTC-USDT @ 1787447160
[replaying  67%] replaying BTC-USDT @ 1787447340
[replaying  67%] replaying BTC-USDT @ 1787447520
[replaying  67%] replaying BTC-USDT @ 1787447700
[replaying  67%] replaying BTC-USDT @ 1787447880
[replaying  67%] replaying BTC-USDT @ 1787448060
[replaying  68%] replaying BTC-USDT @ 1787448240
[replaying  68%] replaying BTC-USDT @ 1787448420
[replaying  68%] replaying BTC-USDT @ 1787448600
[replaying  68%] replaying BTC-USDT @ 1787448780
[replaying  68%] replaying BTC-USDT @ 1787448960
[replaying  68%] replaying BTC-USDT @ 1787449140
[replaying  68%] replaying BTC-USDT @ 1787449320
[replaying  69%] replaying BTC-USDT @ 1787449500
[replaying  69%] replaying BTC-USDT @ 1787449680
[replaying  69%] replaying BTC-USDT @ 1787449860
[replaying  69%] replaying BTC-USDT @ 1787450040
[replaying  69%] replaying BTC-USDT @ 1787450220
[replaying  69%] replaying BTC-USDT @ 1787450400
[replaying  69%] replaying BTC-USDT @ 1787450580
[replaying  70%] replaying BTC-USDT @ 1787450760
[replaying  70%] replaying BTC-USDT @ 1787450940
[replaying  70%] replaying BTC-USDT @ 1787451120
[replaying  70%] replaying BTC-USDT @ 1787451300
[replaying  70%] replaying BTC-USDT @ 1787451480
[replaying  70%] replaying BTC-USDT @ 1787451660
[replaying  70%] replaying BTC-USDT @ 1787451840
[replaying  71%] replaying BTC-USDT @ 1787452020
[replaying  71%] replaying BTC-USDT @ 1787452200
[replaying  71%] replaying BTC-USDT @ 1787452380
[replaying  71%] replaying BTC-USDT @ 1787452560
[replaying  71%] replaying BTC-USDT @ 1787452740
[replaying  71%] replaying BTC-USDT @ 1787452920
[replaying  71%] replaying BTC-USDT @ 1787453100
[replaying  72%] replaying BTC-USDT @ 1787453280
[replaying  72%] replaying BTC-USDT @ 1787453460
[replaying  72%] replaying BTC-USDT @ 1787453640
[replaying  72%] replaying BTC-USDT @ 1787453820
[replaying  72%] replaying BTC-USDT @ 1787454000
[replaying  72%] replaying BTC-USDT @ 1787454180
[replaying  73%] replaying BTC-USDT @ 1787454360
[replaying  73%] replaying BTC-USDT @ 1787454540
[replaying  73%] replaying BTC-USDT @ 1787454720
[replaying  73%] replaying BTC-USDT @ 1787454900
[replaying  73%] replaying BTC-USDT @ 1787455080
[replaying  73%] replaying BTC-USDT @ 1787455260
[replaying  73%] replaying BTC-USDT @ 1787455440
[replaying  74%] replaying BTC-USDT @ 1787455620
[replaying  74%] replaying BTC-USDT @ 1787455800
[replaying  74%] replaying BTC-USDT @ 1787455980
[replaying  74%] replaying BTC-USDT @ 1787456160
[replaying  74%] replaying BTC-USDT @ 1787456340
[replaying  74%] replaying BTC-USDT @ 1787456520
[replaying  74%] replaying BTC-USDT @ 1787456700
[replaying  75%] replaying BTC-USDT @ 1787456880
[replaying  75%] replaying BTC-USDT @ 1787457060
[replaying  75%] replaying BTC-USDT @ 1787457240
[replaying  75%] replaying BTC-USDT @ 1787457420
[replaying  75%] replaying BTC-USDT @ 1787457600
[replaying  75%] replaying BTC-USDT @ 1787457780
[replaying  75%] replaying BTC-USDT @ 1787457960
[replaying  76%] replaying BTC-USDT @ 1787458140
[replaying  76%] replaying BTC-USDT @ 1787458320
[replaying  76%] replaying BTC-USDT @ 1787458500
[replaying  76%] replaying BTC-USDT @ 1787458680
[replaying  76%] replaying BTC-USDT @ 1787458860
[replaying  76%] replaying BTC-USDT @ 1787459040
[replaying  76%] replaying BTC-USDT @ 1787459220
[replaying  77%] replaying BTC-USDT @ 1787459400
[replaying  77%] replaying BTC-USDT @ 1787459580
[replaying  77%] replaying BTC-USDT @ 1787459760
[replaying  77%] replaying BTC-USDT @ 1787459940
[replaying  77%] replaying BTC-USDT @ 1787460120
[replaying  77%] replaying BTC-USDT @ 1787460300
[replaying  77%] replaying BTC-USDT @ 1787460480
[replaying  78%] replaying BTC-USDT @ 1787460660
[replaying  78%] replaying BTC-USDT @ 1787460840
[replaying  78%] replaying BTC-USDT @ 1787461020
[replaying  78%] replaying BTC-USDT @ 1787461200
[replaying  78%] replaying BTC-USDT @ 1787461380
[replaying  78%] replaying BTC-USDT @ 1787461560
[replaying  78%] replaying BTC-USDT @ 1787461740
[replaying  79%] replaying BTC-USDT @ 1787461920
[replaying  79%] replaying BTC-USDT @ 1787462100
[replaying  79%] replaying BTC-USDT @ 1787462280
[replaying  79%] replaying BTC-USDT @ 1787462460
[replaying  79%] replaying BTC-USDT @ 1787462640
[replaying  79%] replaying BTC-USDT @ 1787462820
[replaying  79%] replaying BTC-USDT @ 1787463000
[replaying  80%] replaying BTC-USDT @ 1787463180
[replaying  80%] replaying BTC-USDT @ 1787463360
[replaying  80%] replaying BTC-USDT @ 1787463540
[replaying  80%] replaying BTC-USDT @ 1787463720
[replaying  80%] replaying BTC-USDT @ 1787463900
[replaying  80%] replaying BTC-USDT @ 1787464080
[replaying  80%] replaying BTC-USDT @ 1787464260
[replaying  81%] replaying BTC-USDT @ 1787464440
[replaying  81%] replaying BTC-USDT @ 1787464620
[replaying  81%] replaying BTC-USDT @ 1787464800
[replaying  81%] replaying BTC-USDT @ 1787464980
[replaying  81%] replaying BTC-USDT @ 1787465160
[replaying  81%] replaying BTC-USDT @ 1787465340
[replaying  81%] replaying BTC-USDT @ 1787465520
[replaying  82%] replaying BTC-USDT @ 1787465700
[replaying  82%] replaying BTC-USDT @ 1787465880
[replaying  82%] replaying BTC-USDT @ 1787466060
[replaying  82%] replaying BTC-USDT @ 1787466240
[replaying  82%] replaying BTC-USDT @ 1787466420
[replaying  82%] replaying BTC-USDT @ 1787466600
[replaying  82%] replaying BTC-USDT @ 1787466780
[replaying  83%] replaying BTC-USDT @ 1787466960
[replaying  83%] replaying BTC-USDT @ 1787467140
[replaying  83%] replaying BTC-USDT @ 1787467320
[replaying  83%] replaying BTC-USDT @ 1787467500
[replaying  83%] replaying BTC-USDT @ 1787467680
[replaying  83%] replaying BTC-USDT @ 1787467860
[replaying  84%] replaying BTC-USDT @ 1787468040
[replaying  84%] replaying BTC-USDT @ 1787468220
[replaying  84%] replaying BTC-USDT @ 1787468400
[replaying  84%] replaying BTC-USDT @ 1787468580
[replaying  84%] replaying BTC-USDT @ 1787468760
[replaying  84%] replaying BTC-USDT @ 1787468940
[replaying  84%] replaying BTC-USDT @ 1787469120
[replaying  85%] replaying BTC-USDT @ 1787469300
[replaying  85%] replaying BTC-USDT @ 1787469480
[replaying  85%] replaying BTC-USDT @ 1787469660
[replaying  85%] replaying BTC-USDT @ 1787469840
[replaying  85%] replaying BTC-USDT @ 1787470020
[replaying  85%] replaying BTC-USDT @ 1787470200
[replaying  85%] replaying BTC-USDT @ 1787470380
[replaying  86%] replaying BTC-USDT @ 1787470560
[replaying  86%] replaying BTC-USDT @ 1787470740
[replaying  86%] replaying BTC-USDT @ 1787470920
[replaying  86%] replaying BTC-USDT @ 1787471100
[replaying  86%] replaying BTC-USDT @ 1787471280
[replaying  86%] replaying BTC-USDT @ 1787471460
[replaying  86%] replaying BTC-USDT @ 1787471640
[replaying  87%] replaying BTC-USDT @ 1787471820
[replaying  87%] replaying BTC-USDT @ 1787472000
[replaying  87%] replaying BTC-USDT @ 1787472180
[replaying  87%] replaying BTC-USDT @ 1787472360
[replaying  87%] replaying BTC-USDT @ 1787472540
[replaying  87%] replaying BTC-USDT @ 1787472720
[replaying  87%] replaying BTC-USDT @ 1787472900
[replaying  88%] replaying BTC-USDT @ 1787473080
[replaying  88%] replaying BTC-USDT @ 1787473260
[replaying  88%] replaying BTC-USDT @ 1787473440
[replaying  88%] replaying BTC-USDT @ 1787473620
[replaying  88%] replaying BTC-USDT @ 1787473800
[replaying  88%] replaying BTC-USDT @ 1787473980
[replaying  88%] replaying BTC-USDT @ 1787474160
[replaying  89%] replaying BTC-USDT @ 1787474340
[replaying  89%] replaying BTC-USDT @ 1787474520
[replaying  89%] replaying BTC-USDT @ 1787474700
[replaying  89%] replaying BTC-USDT @ 1787474880
[replaying  89%] replaying BTC-USDT @ 1787475060
[replaying  89%] replaying BTC-USDT @ 1787475240
[replaying  89%] replaying BTC-USDT @ 1787475420
[replaying  90%] replaying BTC-USDT @ 1787475600
[replaying  90%] replaying BTC-USDT @ 1787475780
[replaying  90%] replaying BTC-USDT @ 1787475960
[replaying  90%] replaying BTC-USDT @ 1787476140
[replaying  90%] replaying BTC-USDT @ 1787476320
[replaying  90%] replaying BTC-USDT @ 1787476500
[replaying  90%] replaying BTC-USDT @ 1787476680
[replaying  91%] replaying BTC-USDT @ 1787476860
[replaying  91%] replaying BTC-USDT @ 1787477040
[replaying  91%] replaying BTC-USDT @ 1787477220
[replaying  91%] replaying BTC-USDT @ 1787477400
[replaying  91%] replaying BTC-USDT @ 1787477580
[replaying  91%] replaying BTC-USDT @ 1787477760
[replaying  91%] replaying BTC-USDT @ 1787477940
[replaying  92%] replaying BTC-USDT @ 1787478120
[replaying  92%] replaying BTC-USDT @ 1787478300
[replaying  92%] replaying BTC-USDT @ 1787478480
[replaying  92%] replaying BTC-USDT @ 1787478660
[replaying  92%] replaying BTC-USDT @ 1787478840
[replaying  92%] replaying BTC-USDT @ 1787479020
[replaying  92%] replaying BTC-USDT @ 1787479200
[replaying  93%] replaying BTC-USDT @ 1787479380
[replaying  93%] replaying BTC-USDT @ 1787479560
[replaying  93%] replaying BTC-USDT @ 1787479740
[replaying  93%] replaying BTC-USDT @ 1787479920
[replaying  93%] replaying BTC-USDT @ 1787480100
[replaying  93%] replaying BTC-USDT @ 1787480280
[replaying  93%] replaying BTC-USDT @ 1787480460
[replaying  94%] replaying BTC-USDT @ 1787480640
[replaying  94%] replaying BTC-USDT @ 1787480820
[replaying  94%] replaying BTC-USDT @ 1787481000
[replaying  94%] replaying BTC-USDT @ 1787481180
[replaying  94%] replaying BTC-USDT @ 1787481360
[replaying  94%] replaying BTC-USDT @ 1787481540
[replaying  95%] replaying BTC-USDT @ 1787481720
[replaying  95%] replaying BTC-USDT @ 1787481900
[replaying  95%] replaying BTC-USDT @ 1787482080
[replaying  95%] replaying BTC-USDT @ 1787482260
[replaying  95%] replaying BTC-USDT @ 1787482440
[replaying  95%] replaying BTC-USDT @ 1787482620
[replaying  95%] replaying BTC-USDT @ 1787482800
[replaying  96%] replaying BTC-USDT @ 1787482980
[replaying  96%] replaying BTC-USDT @ 1787483160
[replaying  96%] replaying BTC-USDT @ 1787483340
[replaying  96%] replaying BTC-USDT @ 1787483520
[replaying  96%] replaying BTC-USDT @ 1787483700
[replaying  96%] replaying BTC-USDT @ 1787483880
[replaying  96%] replaying BTC-USDT @ 1787484060
[replaying  97%] replaying BTC-USDT @ 1787484240
[replaying  97%] replaying BTC-USDT @ 1787484420
[replaying  97%] replaying BTC-USDT @ 1787484600
[replaying  97%] replaying BTC-USDT @ 1787484780
[replaying  97%] replaying BTC-USDT @ 1787484960
[replaying  97%] replaying BTC-USDT @ 1787485140
[replaying  97%] replaying BTC-USDT @ 1787485320
[replaying  98%] replaying BTC-USDT @ 1787485500
[replaying  98%] replaying BTC-USDT @ 1787485680
[replaying  98%] replaying BTC-USDT @ 1787485860
[replaying  98%] replaying BTC-USDT @ 1787486040
[replaying  98%] replaying BTC-USDT @ 1787486220
[replaying  98%] replaying BTC-USDT @ 1787486400
[replaying  98%] replaying BTC-USDT @ 1787486580
[replaying  99%] replaying BTC-USDT @ 1787486760
[replaying  99%] replaying BTC-USDT @ 1787486940
[replaying  99%] replaying BTC-USDT @ 1787487120
[replaying  99%] replaying BTC-USDT @ 1787487300
[replaying  99%] replaying BTC-USDT @ 1787487480
[replaying  99%] replaying BTC-USDT @ 1787487660
[replaying  99%] replaying BTC-USDT @ 1787487840
[replaying 100%] replaying BTC-USDT @ 1787488020
[replaying 100%] replaying BTC-USDT @ 1787488200
[replaying 100%] replaying BTC-USDT @ 1787488380
[replaying 100%] replaying BTC-USDT @ 1787488560
[analyzing 100%] analysis complete
OK run=30 trades=0 equity_points=691 final_equity=1000.00
