🧪 CLI backtest: exchange=bitget symbols=BTC-USDT tf=[60, 180, 300, 900] depth=4d capital=1000 allocation=10%
[warming    25%] warming BTC-USDT 60s (1/4)
[warming    50%] warming BTC-USDT 180s (2/4)
[warming    75%] warming BTC-USDT 300s (3/4)
[warming   100%] warming BTC-USDT 900s (4/4)
[replaying   0%] replaying BTC-USDT @ 1787329680
[replaying   0%] replaying BTC-USDT @ 1787329740
[replaying   0%] replaying BTC-USDT @ 1787329800
[replaying   1%] replaying BTC-USDT @ 1787329860
[replaying   1%] replaying BTC-USDT @ 1787329920
[replaying   1%] replaying BTC-USDT @ 1787329980
[replaying   1%] replaying BTC-USDT @ 1787330040
[replaying   1%] replaying BTC-USDT @ 1787330100
[replaying   1%] replaying BTC-USDT @ 1787330160
[replaying   2%] replaying BTC-USDT @ 1787330220
[replaying   2%] replaying BTC-USDT @ 1787330280
[replaying   2%] replaying BTC-USDT @ 1787330340
[replaying   2%] replaying BTC-USDT @ 1787330400
[replaying   2%] replaying BTC-USDT @ 1787330460
[replaying   2%] replaying BTC-USDT @ 1787330520
[replaying   3%] replaying BTC-USDT @ 1787330580
[replaying   3%] replaying BTC-USDT @ 1787330640
[replaying   3%] replaying BTC-USDT @ 1787330700
[replaying   3%] replaying BTC-USDT @ 1787330760
[replaying   3%] replaying BTC-USDT @ 1787330820
[replaying   3%] replaying BTC-USDT @ 1787330880
[replaying   4%] replaying BTC-USDT @ 1787330940
[replaying   4%] replaying BTC-USDT @ 1787331000
[replaying   4%] replaying BTC-USDT @ 1787331060
[replaying   4%] replaying BTC-USDT @ 1787331120
[replaying   4%] replaying BTC-USDT @ 1787331180
[replaying   4%] replaying BTC-USDT @ 1787331240
[replaying   5%] replaying BTC-USDT @ 1787331300
[replaying   5%] replaying BTC-USDT @ 1787331360
[replaying   5%] replaying BTC-USDT @ 1787331420
[replaying   5%] replaying BTC-USDT @ 1787331480
[replaying   5%] replaying BTC-USDT @ 1787331540
[replaying   5%] replaying BTC-USDT @ 1787331600
[replaying   6%] replaying BTC-USDT @ 1787331660
[replaying   6%] replaying BTC-USDT @ 1787331720
[replaying   6%] replaying BTC-USDT @ 1787331780
[replaying   6%] replaying BTC-USDT @ 1787331840
[replaying   6%] replaying BTC-USDT @ 1787331900
[replaying   6%] replaying BTC-USDT @ 1787331960
[replaying   7%] replaying BTC-USDT @ 1787332020
[replaying   7%] replaying BTC-USDT @ 1787332080
[replaying   7%] replaying BTC-USDT @ 1787332140
[replaying   7%] replaying BTC-USDT @ 1787332200
[replaying   7%] replaying BTC-USDT @ 1787332260
[replaying   7%] replaying BTC-USDT @ 1787332320
[replaying   8%] replaying BTC-USDT @ 1787332380
[replaying   8%] replaying BTC-USDT @ 1787332440
[replaying   8%] replaying BTC-USDT @ 1787332500
[replaying   8%] replaying BTC-USDT @ 1787332560
[replaying   8%] replaying BTC-USDT @ 1787332620
[replaying   8%] replaying BTC-USDT @ 1787332680
[replaying   9%] replaying BTC-USDT @ 1787332740
[replaying   9%] replaying BTC-USDT @ 1787332800
[replaying   9%] replaying BTC-USDT @ 1787332860
[replaying   9%] replaying BTC-USDT @ 1787332920
[replaying   9%] replaying BTC-USDT @ 1787332980
[replaying   9%] replaying BTC-USDT @ 1787333040
[replaying  10%] replaying BTC-USDT @ 1787333100
[replaying  10%] replaying BTC-USDT @ 1787333160
[replaying  10%] replaying BTC-USDT @ 1787333220
[replaying  10%] replaying BTC-USDT @ 1787333280
[replaying  10%] replaying BTC-USDT @ 1787333340
[replaying  10%] replaying BTC-USDT @ 1787333400
[replaying  11%] replaying BTC-USDT @ 1787333460
[replaying  11%] replaying BTC-USDT @ 1787333520
[replaying  11%] replaying BTC-USDT @ 1787333580
[replaying  11%] replaying BTC-USDT @ 1787333640
[replaying  11%] replaying BTC-USDT @ 1787333700
[replaying  11%] replaying BTC-USDT @ 1787333760
[replaying  11%] replaying BTC-USDT @ 1787333820
[replaying  12%] replaying BTC-USDT @ 1787333880
[replaying  12%] replaying BTC-USDT @ 1787333940
[replaying  12%] replaying BTC-USDT @ 1787334000
[replaying  12%] replaying BTC-USDT @ 1787334060
[replaying  12%] replaying BTC-USDT @ 1787334120
[replaying  12%] replaying BTC-USDT @ 1787334180
[replaying  13%] replaying BTC-USDT @ 1787334240
[replaying  13%] replaying BTC-USDT @ 1787334300
[replaying  13%] replaying BTC-USDT @ 1787334360
[replaying  13%] replaying BTC-USDT @ 1787334420
[replaying  13%] replaying BTC-USDT @ 1787334480
[replaying  13%] replaying BTC-USDT @ 1787334540
[replaying  14%] replaying BTC-USDT @ 1787334600
[replaying  14%] replaying BTC-USDT @ 1787334660
[replaying  14%] replaying BTC-USDT @ 1787334720
[replaying  14%] replaying BTC-USDT @ 1787334780
[replaying  14%] replaying BTC-USDT @ 1787334840
[replaying  14%] replaying BTC-USDT @ 1787334900
[replaying  15%] replaying BTC-USDT @ 1787334960
[replaying  15%] replaying BTC-USDT @ 1787335020
[replaying  15%] replaying BTC-USDT @ 1787335080
[replaying  15%] replaying BTC-USDT @ 1787335140
[replaying  15%] replaying BTC-USDT @ 1787335200
[replaying  15%] replaying BTC-USDT @ 1787335260
[replaying  16%] replaying BTC-USDT @ 1787335320
[replaying  16%] replaying BTC-USDT @ 1787335380
[replaying  16%] replaying BTC-USDT @ 1787335440
[replaying  16%] replaying BTC-USDT @ 1787335500
[replaying  16%] replaying BTC-USDT @ 1787335560
[replaying  16%] replaying BTC-USDT @ 1787335620
[replaying  17%] replaying BTC-USDT @ 1787335680
[replaying  17%] replaying BTC-USDT @ 1787335740
[replaying  17%] replaying BTC-USDT @ 1787335800
[replaying  17%] replaying BTC-USDT @ 1787335860
[replaying  17%] replaying BTC-USDT @ 1787335920
[replaying  17%] replaying BTC-USDT @ 1787335980
[replaying  18%] replaying BTC-USDT @ 1787336040
[replaying  18%] replaying BTC-USDT @ 1787336100
[replaying  18%] replaying BTC-USDT @ 1787336160
[replaying  18%] replaying BTC-USDT @ 1787336220
[replaying  18%] replaying BTC-USDT @ 1787336280
[replaying  18%] replaying BTC-USDT @ 1787336340
[replaying  19%] replaying BTC-USDT @ 1787336400
[replaying  19%] replaying BTC-USDT @ 1787336460
[replaying  19%] replaying BTC-USDT @ 1787336520
[replaying  19%] replaying BTC-USDT @ 1787336580
[replaying  19%] replaying BTC-USDT @ 1787336640
[replaying  19%] replaying BTC-USDT @ 1787336700
[replaying  20%] replaying BTC-USDT @ 1787336760
[replaying  20%] replaying BTC-USDT @ 1787336820
[replaying  20%] replaying BTC-USDT @ 1787336880
[replaying  20%] replaying BTC-USDT @ 1787336940
[replaying  20%] replaying BTC-USDT @ 1787337000
[replaying  20%] replaying BTC-USDT @ 1787337060
[replaying  21%] replaying BTC-USDT @ 1787337120
[replaying  21%] replaying BTC-USDT @ 1787337180
[replaying  21%] replaying BTC-USDT @ 1787337240
[replaying  21%] replaying BTC-USDT @ 1787337300
[replaying  21%] replaying BTC-USDT @ 1787337360
[replaying  21%] replaying BTC-USDT @ 1787337420
[replaying  22%] replaying BTC-USDT @ 1787337480
[replaying  22%] replaying BTC-USDT @ 1787337540
[replaying  22%] replaying BTC-USDT @ 1787337600
[replaying  22%] replaying BTC-USDT @ 1787337660
[replaying  22%] replaying BTC-USDT @ 1787337720
[replaying  22%] replaying BTC-USDT @ 1787337780
[replaying  22%] replaying BTC-USDT @ 1787337840
[replaying  23%] replaying BTC-USDT @ 1787337900
[replaying  23%] replaying BTC-USDT @ 1787337960
[replaying  23%] replaying BTC-USDT @ 1787338020
[replaying  23%] replaying BTC-USDT @ 1787338080
[replaying  23%] replaying BTC-USDT @ 1787338140
[replaying  23%] replaying BTC-USDT @ 1787338200
[replaying  24%] replaying BTC-USDT @ 1787338260
[replaying  24%] replaying BTC-USDT @ 1787338320
[replaying  24%] replaying BTC-USDT @ 1787338380
[replaying  24%] replaying BTC-USDT @ 1787338440
[replaying  24%] replaying BTC-USDT @ 1787338500
[replaying  24%] replaying BTC-USDT @ 1787338560
[replaying  25%] replaying BTC-USDT @ 1787338620
[replaying  25%] replaying BTC-USDT @ 1787338680
[replaying  25%] replaying BTC-USDT @ 1787338740
[replaying  25%] replaying BTC-USDT @ 1787338800
[replaying  25%] replaying BTC-USDT @ 1787338860
[replaying  25%] replaying BTC-USDT @ 1787338920
[replaying  26%] replaying BTC-USDT @ 1787338980
[replaying  26%] replaying BTC-USDT @ 1787339040
[replaying  26%] replaying BTC-USDT @ 1787339100
[replaying  26%] replaying BTC-USDT @ 1787339160
[replaying  26%] replaying BTC-USDT @ 1787339220
[replaying  26%] replaying BTC-USDT @ 1787339280
[replaying  27%] replaying BTC-USDT @ 1787339340
[replaying  27%] replaying BTC-USDT @ 1787339400
[replaying  27%] replaying BTC-USDT @ 1787339460
[replaying  27%] replaying BTC-USDT @ 1787339520
[replaying  27%] replaying BTC-USDT @ 1787339580
[replaying  27%] replaying BTC-USDT @ 1787339640
[replaying  28%] replaying BTC-USDT @ 1787339700
[replaying  28%] replaying BTC-USDT @ 1787339760
[replaying  28%] replaying BTC-USDT @ 1787339820
[replaying  28%] replaying BTC-USDT @ 1787339880
[replaying  28%] replaying BTC-USDT @ 1787339940
[replaying  28%] replaying BTC-USDT @ 1787340000
[replaying  29%] replaying BTC-USDT @ 1787340060
[replaying  29%] replaying BTC-USDT @ 1787340120
[replaying  29%] replaying BTC-USDT @ 1787340180
[replaying  29%] replaying BTC-USDT @ 1787340240
[replaying  29%] replaying BTC-USDT @ 1787340300
[replaying  29%] replaying BTC-USDT @ 1787340360
[replaying  30%] replaying BTC-USDT @ 1787340420
[replaying  30%] replaying BTC-USDT @ 1787340480
[replaying  30%] replaying BTC-USDT @ 1787340540
[replaying  30%] replaying BTC-USDT @ 1787340600
[replaying  30%] replaying BTC-USDT @ 1787340660
[replaying  30%] replaying BTC-USDT @ 1787340720
[replaying  31%] replaying BTC-USDT @ 1787340780
[replaying  31%] replaying BTC-USDT @ 1787340840
[replaying  31%] replaying BTC-USDT @ 1787340900
[replaying  31%] replaying BTC-USDT @ 1787340960
[replaying  31%] replaying BTC-USDT @ 1787341020
[replaying  31%] replaying BTC-USDT @ 1787341080
[replaying  32%] replaying BTC-USDT @ 1787341140
[replaying  32%] replaying BTC-USDT @ 1787341200
[replaying  32%] replaying BTC-USDT @ 1787341260
[replaying  32%] replaying BTC-USDT @ 1787341320
[replaying  32%] replaying BTC-USDT @ 1787341380
[replaying  32%] replaying BTC-USDT @ 1787341440
[replaying  33%] replaying BTC-USDT @ 1787341500
[replaying  33%] replaying BTC-USDT @ 1787341560
[replaying  33%] replaying BTC-USDT @ 1787341620
[replaying  33%] replaying BTC-USDT @ 1787341680
[replaying  33%] replaying BTC-USDT @ 1787341740
[replaying  33%] replaying BTC-USDT @ 1787341800
[replaying  33%] replaying BTC-USDT @ 1787341860
[replaying  34%] replaying BTC-USDT @ 1787341920
[replaying  34%] replaying BTC-USDT @ 1787341980
[replaying  34%] replaying BTC-USDT @ 1787342040
[replaying  34%] replaying BTC-USDT @ 1787342100
[replaying  34%] replaying BTC-USDT @ 1787342160
[replaying  34%] replaying BTC-USDT @ 1787342220
[replaying  35%] replaying BTC-USDT @ 1787342280
[replaying  35%] replaying BTC-USDT @ 1787342340
[replaying  35%] replaying BTC-USDT @ 1787342400
[replaying  35%] replaying BTC-USDT @ 1787342460
[replaying  35%] replaying BTC-USDT @ 1787342520
[replaying  35%] replaying BTC-USDT @ 1787342580
[replaying  36%] replaying BTC-USDT @ 1787342640
[replaying  36%] replaying BTC-USDT @ 1787342700
[replaying  36%] replaying BTC-USDT @ 1787342760
[replaying  36%] replaying BTC-USDT @ 1787342820
[replaying  36%] replaying BTC-USDT @ 1787342880
[replaying  36%] replaying BTC-USDT @ 1787342940
[replaying  37%] replaying BTC-USDT @ 1787343000
[replaying  37%] replaying BTC-USDT @ 1787343060
[replaying  37%] replaying BTC-USDT @ 1787343120
[replaying  37%] replaying BTC-USDT @ 1787343180
[replaying  37%] replaying BTC-USDT @ 1787343240
[replaying  37%] replaying BTC-USDT @ 1787343300
[replaying  38%] replaying BTC-USDT @ 1787343360
[replaying  38%] replaying BTC-USDT @ 1787343420
[replaying  38%] replaying BTC-USDT @ 1787343480
[replaying  38%] replaying BTC-USDT @ 1787343540
[replaying  38%] replaying BTC-USDT @ 1787343600
[replaying  38%] replaying BTC-USDT @ 1787343660
[replaying  39%] replaying BTC-USDT @ 1787343720
[replaying  39%] replaying BTC-USDT @ 1787343780
[replaying  39%] replaying BTC-USDT @ 1787343840
[replaying  39%] replaying BTC-USDT @ 1787343900
[replaying  39%] replaying BTC-USDT @ 1787343960
[replaying  39%] replaying BTC-USDT @ 1787344020
[replaying  40%] replaying BTC-USDT @ 1787344080
[replaying  40%] replaying BTC-USDT @ 1787344140
[replaying  40%] replaying BTC-USDT @ 1787344200
[replaying  40%] replaying BTC-USDT @ 1787344260
[replaying  40%] replaying BTC-USDT @ 1787344320
[replaying  40%] replaying BTC-USDT @ 1787344380
[replaying  41%] replaying BTC-USDT @ 1787344440
[replaying  41%] replaying BTC-USDT @ 1787344500
[replaying  41%] replaying BTC-USDT @ 1787344560
[replaying  41%] replaying BTC-USDT @ 1787344620
[replaying  41%] replaying BTC-USDT @ 1787344680
[replaying  41%] replaying BTC-USDT @ 1787344740
[replaying  42%] replaying BTC-USDT @ 1787344800
[replaying  42%] replaying BTC-USDT @ 1787344860
[replaying  42%] replaying BTC-USDT @ 1787344920
[replaying  42%] replaying BTC-USDT @ 1787344980
[replaying  42%] replaying BTC-USDT @ 1787345040
[replaying  42%] replaying BTC-USDT @ 1787345100
[replaying  43%] replaying BTC-USDT @ 1787345160
[replaying  43%] replaying BTC-USDT @ 1787345220
[replaying  43%] replaying BTC-USDT @ 1787345280
[replaying  43%] replaying BTC-USDT @ 1787345340
[replaying  43%] replaying BTC-USDT @ 1787345400
[replaying  43%] replaying BTC-USDT @ 1787345460
[replaying  44%] replaying BTC-USDT @ 1787345520
[replaying  44%] replaying BTC-USDT @ 1787345580
[replaying  44%] replaying BTC-USDT @ 1787345640
[replaying  44%] replaying BTC-USDT @ 1787345700
[replaying  44%] replaying BTC-USDT @ 1787345760
[replaying  44%] replaying BTC-USDT @ 1787345820
[replaying  44%] replaying BTC-USDT @ 1787345880
[replaying  45%] replaying BTC-USDT @ 1787345940
[replaying  45%] replaying BTC-USDT @ 1787346000
[replaying  45%] replaying BTC-USDT @ 1787346060
[replaying  45%] replaying BTC-USDT @ 1787346120
[replaying  45%] replaying BTC-USDT @ 1787346180
[replaying  45%] replaying BTC-USDT @ 1787346240
[replaying  46%] replaying BTC-USDT @ 1787346300
[replaying  46%] replaying BTC-USDT @ 1787346360
[replaying  46%] replaying BTC-USDT @ 1787346420
[replaying  46%] replaying BTC-USDT @ 1787346480
[replaying  46%] replaying BTC-USDT @ 1787346540
[replaying  46%] replaying BTC-USDT @ 1787346600
[replaying  47%] replaying BTC-USDT @ 1787346660
[replaying  47%] replaying BTC-USDT @ 1787346720
[replaying  47%] replaying BTC-USDT @ 1787346780
[replaying  47%] replaying BTC-USDT @ 1787346840
[replaying  47%] replaying BTC-USDT @ 1787346900
[replaying  47%] replaying BTC-USDT @ 1787346960
[replaying  48%] replaying BTC-USDT @ 1787347020
[replaying  48%] replaying BTC-USDT @ 1787347080
[replaying  48%] replaying BTC-USDT @ 1787347140
[replaying  48%] replaying BTC-USDT @ 1787347200
[replaying  48%] replaying BTC-USDT @ 1787347260
[replaying  48%] replaying BTC-USDT @ 1787347320
[replaying  49%] replaying BTC-USDT @ 1787347380
[replaying  49%] replaying BTC-USDT @ 1787347440
[replaying  49%] replaying BTC-USDT @ 1787347500
[replaying  49%] replaying BTC-USDT @ 1787347560
[replaying  49%] replaying BTC-USDT @ 1787347620
[replaying  49%] replaying BTC-USDT @ 1787347680
[replaying  50%] replaying BTC-USDT @ 1787347740
[replaying  50%] replaying BTC-USDT @ 1787347800
[replaying  50%] replaying BTC-USDT @ 1787347860
[replaying  50%] replaying BTC-USDT @ 1787347920
[replaying  50%] replaying BTC-USDT @ 1787347980
[replaying  50%] replaying BTC-USDT @ 1787348040
[replaying  51%] replaying BTC-USDT @ 1787348100
[replaying  51%] replaying BTC-USDT @ 1787348160
[replaying  51%] replaying BTC-USDT @ 1787348220
[replaying  51%] replaying BTC-USDT @ 1787348280
[replaying  51%] replaying BTC-USDT @ 1787348340
[replaying  51%] replaying BTC-USDT @ 1787348400
[replaying  52%] replaying BTC-USDT @ 1787348460
[replaying  52%] replaying BTC-USDT @ 1787348520
[replaying  52%] replaying BTC-USDT @ 1787348580
[replaying  52%] replaying BTC-USDT @ 1787348640
[replaying  52%] replaying BTC-USDT @ 1787348700
[replaying  52%] replaying BTC-USDT @ 1787348760
[replaying  53%] replaying BTC-USDT @ 1787348820
[replaying  53%] replaying BTC-USDT @ 1787348880
[replaying  53%] replaying BTC-USDT @ 1787348940
[replaying  53%] replaying BTC-USDT @ 1787349000
[replaying  53%] replaying BTC-USDT @ 1787349060
[replaying  53%] replaying BTC-USDT @ 1787349120
[replaying  54%] replaying BTC-USDT @ 1787349180
[replaying  54%] replaying BTC-USDT @ 1787349240
[replaying  54%] replaying BTC-USDT @ 1787349300
[replaying  54%] replaying BTC-USDT @ 1787349360
[replaying  54%] replaying BTC-USDT @ 1787349420
[replaying  54%] replaying BTC-USDT @ 1787349480
[replaying  55%] replaying BTC-USDT @ 1787349540
[replaying  55%] replaying BTC-USDT @ 1787349600
[replaying  55%] replaying BTC-USDT @ 1787349660
[replaying  55%] replaying BTC-USDT @ 1787349720
[replaying  55%] replaying BTC-USDT @ 1787349780
[replaying  55%] replaying BTC-USDT @ 1787349840
[replaying  56%] replaying BTC-USDT @ 1787349900
[replaying  56%] replaying BTC-USDT @ 1787349960
[replaying  56%] replaying BTC-USDT @ 1787350020
[replaying  56%] replaying BTC-USDT @ 1787350080
[replaying  56%] replaying BTC-USDT @ 1787350140
[replaying  56%] replaying BTC-USDT @ 1787350200
[replaying  56%] replaying BTC-USDT @ 1787350260
[replaying  57%] replaying BTC-USDT @ 1787350320
[replaying  57%] replaying BTC-USDT @ 1787350380
[replaying  57%] replaying BTC-USDT @ 1787350440
[replaying  57%] replaying BTC-USDT @ 1787350500
[replaying  57%] replaying BTC-USDT @ 1787350560
[replaying  57%] replaying BTC-USDT @ 1787350620
[replaying  58%] replaying BTC-USDT @ 1787350680
[replaying  58%] replaying BTC-USDT @ 1787350740
[replaying  58%] replaying BTC-USDT @ 1787350800
[replaying  58%] replaying BTC-USDT @ 1787350860
[replaying  58%] replaying BTC-USDT @ 1787350920
[replaying  58%] replaying BTC-USDT @ 1787350980
[replaying  59%] replaying BTC-USDT @ 1787351040
[replaying  59%] replaying BTC-USDT @ 1787351100
[replaying  59%] replaying BTC-USDT @ 1787351160
[replaying  59%] replaying BTC-USDT @ 1787351220
[replaying  59%] replaying BTC-USDT @ 1787351280
[replaying  59%] replaying BTC-USDT @ 1787351340
[replaying  60%] replaying BTC-USDT @ 1787351400
[replaying  60%] replaying BTC-USDT @ 1787351460
[replaying  60%] replaying BTC-USDT @ 1787351520
[replaying  60%] replaying BTC-USDT @ 1787351580
[replaying  60%] replaying BTC-USDT @ 1787351640
[replaying  60%] replaying BTC-USDT @ 1787351700
[replaying  61%] replaying BTC-USDT @ 1787351760
[replaying  61%] replaying BTC-USDT @ 1787351820
[replaying  61%] replaying BTC-USDT @ 1787351880
[replaying  61%] replaying BTC-USDT @ 1787351940
[replaying  61%] replaying BTC-USDT @ 1787352000
[replaying  61%] replaying BTC-USDT @ 1787352060
[replaying  62%] replaying BTC-USDT @ 1787352120
[replaying  62%] replaying BTC-USDT @ 1787352180
[replaying  62%] replaying BTC-USDT @ 1787352240
[replaying  62%] replaying BTC-USDT @ 1787352300
[replaying  62%] replaying BTC-USDT @ 1787352360
[replaying  62%] replaying BTC-USDT @ 1787352420
[replaying  63%] replaying BTC-USDT @ 1787352480
[replaying  63%] replaying BTC-USDT @ 1787352540
[replaying  63%] replaying BTC-USDT @ 1787352600
[replaying  63%] replaying BTC-USDT @ 1787352660
[replaying  63%] replaying BTC-USDT @ 1787352720
[replaying  63%] replaying BTC-USDT @ 1787352780
[replaying  64%] replaying BTC-USDT @ 1787352840
[replaying  64%] replaying BTC-USDT @ 1787352900
[replaying  64%] replaying BTC-USDT @ 1787352960
[replaying  64%] replaying BTC-USDT @ 1787353020
[replaying  64%] replaying BTC-USDT @ 1787353080
[replaying  64%] replaying BTC-USDT @ 1787353140
[replaying  65%] replaying BTC-USDT @ 1787353200
[replaying  65%] replaying BTC-USDT @ 1787353260
[replaying  65%] replaying BTC-USDT @ 1787353320
[replaying  65%] replaying BTC-USDT @ 1787353380
[replaying  65%] replaying BTC-USDT @ 1787353440
[replaying  65%] replaying BTC-USDT @ 1787353500
[replaying  66%] replaying BTC-USDT @ 1787353560
[replaying  66%] replaying BTC-USDT @ 1787353620
[replaying  66%] replaying BTC-USDT @ 1787353680
[replaying  66%] replaying BTC-USDT @ 1787353740
[replaying  66%] replaying BTC-USDT @ 1787353800
[replaying  66%] replaying BTC-USDT @ 1787353860
[replaying  67%] replaying BTC-USDT @ 1787353920
[replaying  67%] replaying BTC-USDT @ 1787353980
[replaying  67%] replaying BTC-USDT @ 1787354040
[replaying  67%] replaying BTC-USDT @ 1787354100
[replaying  67%] replaying BTC-USDT @ 1787354160
[replaying  67%] replaying BTC-USDT @ 1787354220
[replaying  67%] replaying BTC-USDT @ 1787354280
[replaying  68%] replaying BTC-USDT @ 1787354340
[replaying  68%] replaying BTC-USDT @ 1787354400
[replaying  68%] replaying BTC-USDT @ 1787354460
[replaying  68%] replaying BTC-USDT @ 1787354520
[replaying  68%] replaying BTC-USDT @ 1787354580
[replaying  68%] replaying BTC-USDT @ 1787354640
[replaying  69%] replaying BTC-USDT @ 1787354700
[replaying  69%] replaying BTC-USDT @ 1787354760
[replaying  69%] replaying BTC-USDT @ 1787354820
[replaying  69%] replaying BTC-USDT @ 1787354880
[replaying  69%] replaying BTC-USDT @ 1787354940
[replaying  69%] replaying BTC-USDT @ 1787355000
[replaying  70%] replaying BTC-USDT @ 1787355060
[replaying  70%] replaying BTC-USDT @ 1787355120
[replaying  70%] replaying BTC-USDT @ 1787355180
[replaying  70%] replaying BTC-USDT @ 1787355240
[replaying  70%] replaying BTC-USDT @ 1787355300
[replaying  70%] replaying BTC-USDT @ 1787355360
[replaying  71%] replaying BTC-USDT @ 1787355420
[replaying  71%] replaying BTC-USDT @ 1787355480
[replaying  71%] replaying BTC-USDT @ 1787355540
[replaying  71%] replaying BTC-USDT @ 1787355600
[replaying  71%] replaying BTC-USDT @ 1787355660
[replaying  71%] replaying BTC-USDT @ 1787355720
[replaying  72%] replaying BTC-USDT @ 1787355780
[replaying  72%] replaying BTC-USDT @ 1787355840
[replaying  72%] replaying BTC-USDT @ 1787355900
[replaying  72%] replaying BTC-USDT @ 1787355960
[replaying  72%] replaying BTC-USDT @ 1787356020
[replaying  72%] replaying BTC-USDT @ 1787356080
[replaying  73%] replaying BTC-USDT @ 1787356140
[replaying  73%] replaying BTC-USDT @ 1787356200
[replaying  73%] replaying BTC-USDT @ 1787356260
[replaying  73%] replaying BTC-USDT @ 1787356320
[replaying  73%] replaying BTC-USDT @ 1787356380
[replaying  73%] replaying BTC-USDT @ 1787356440
[replaying  74%] replaying BTC-USDT @ 1787356500
[replaying  74%] replaying BTC-USDT @ 1787356560
[replaying  74%] replaying BTC-USDT @ 1787356620
[replaying  74%] replaying BTC-USDT @ 1787356680
[replaying  74%] replaying BTC-USDT @ 1787356740
[replaying  74%] replaying BTC-USDT @ 1787356800
[replaying  75%] replaying BTC-USDT @ 1787356860
[replaying  75%] replaying BTC-USDT @ 1787356920
[replaying  75%] replaying BTC-USDT @ 1787356980
[replaying  75%] replaying BTC-USDT @ 1787357040
[replaying  75%] replaying BTC-USDT @ 1787357100
[replaying  75%] replaying BTC-USDT @ 1787357160
[replaying  76%] replaying BTC-USDT @ 1787357220
[replaying  76%] replaying BTC-USDT @ 1787357280
[replaying  76%] replaying BTC-USDT @ 1787357340
[replaying  76%] replaying BTC-USDT @ 1787357400
[replaying  76%] replaying BTC-USDT @ 1787357460
[replaying  76%] replaying BTC-USDT @ 1787357520
[replaying  77%] replaying BTC-USDT @ 1787357580
[replaying  77%] replaying BTC-USDT @ 1787357640
[replaying  77%] replaying BTC-USDT @ 1787357700
[replaying  77%] replaying BTC-USDT @ 1787357760
[replaying  77%] replaying BTC-USDT @ 1787357820
[replaying  77%] replaying BTC-USDT @ 1787357880
[replaying  78%] replaying BTC-USDT @ 1787357940
[replaying  78%] replaying BTC-USDT @ 1787358000
[replaying  78%] replaying BTC-USDT @ 1787358060
[replaying  78%] replaying BTC-USDT @ 1787358120
[replaying  78%] replaying BTC-USDT @ 1787358180
[replaying  78%] replaying BTC-USDT @ 1787358240
[replaying  78%] replaying BTC-USDT @ 1787358300
[replaying  79%] replaying BTC-USDT @ 1787358360
[replaying  79%] replaying BTC-USDT @ 1787358420
[replaying  79%] replaying BTC-USDT @ 1787358480
[replaying  79%] replaying BTC-USDT @ 1787358540
[replaying  79%] replaying BTC-USDT @ 1787358600
[replaying  79%] replaying BTC-USDT @ 1787358660
[replaying  80%] replaying BTC-USDT @ 1787358720
[replaying  80%] replaying BTC-USDT @ 1787358780
[replaying  80%] replaying BTC-USDT @ 1787358840
[replaying  80%] replaying BTC-USDT @ 1787358900
[replaying  80%] replaying BTC-USDT @ 1787358960
[replaying  80%] replaying BTC-USDT @ 1787359020
[replaying  81%] replaying BTC-USDT @ 1787359080
[replaying  81%] replaying BTC-USDT @ 1787359140
[replaying  81%] replaying BTC-USDT @ 1787359200
[replaying  81%] replaying BTC-USDT @ 1787359260
[replaying  81%] replaying BTC-USDT @ 1787359320
[replaying  81%] replaying BTC-USDT @ 1787359380
[replaying  82%] replaying BTC-USDT @ 1787359440
[replaying  82%] replaying BTC-USDT @ 1787359500
[replaying  82%] replaying BTC-USDT @ 1787359560
[replaying  82%] replaying BTC-USDT @ 1787359620
[replaying  82%] replaying BTC-USDT @ 1787359680
[replaying  82%] replaying BTC-USDT @ 1787359740
[replaying  83%] replaying BTC-USDT @ 1787359800
[replaying  83%] replaying BTC-USDT @ 1787359860
[replaying  83%] replaying BTC-USDT @ 1787359920
[replaying  83%] replaying BTC-USDT @ 1787359980
[replaying  83%] replaying BTC-USDT @ 1787360040
[replaying  83%] replaying BTC-USDT @ 1787360100
[replaying  84%] replaying BTC-USDT @ 1787360160
[replaying  84%] replaying BTC-USDT @ 1787360220
[replaying  84%] replaying BTC-USDT @ 1787360280
[replaying  84%] replaying BTC-USDT @ 1787360340
[replaying  84%] replaying BTC-USDT @ 1787360400
[replaying  84%] replaying BTC-USDT @ 1787360460
[replaying  85%] replaying BTC-USDT @ 1787360520
[replaying  85%] replaying BTC-USDT @ 1787360580
[replaying  85%] replaying BTC-USDT @ 1787360640
[replaying  85%] replaying BTC-USDT @ 1787360700
[replaying  85%] replaying BTC-USDT @ 1787360760
[replaying  85%] replaying BTC-USDT @ 1787360820
[replaying  86%] replaying BTC-USDT @ 1787360880
[replaying  86%] replaying BTC-USDT @ 1787360940
[replaying  86%] replaying BTC-USDT @ 1787361000
[replaying  86%] replaying BTC-USDT @ 1787361060
[replaying  86%] replaying BTC-USDT @ 1787361120
[replaying  86%] replaying BTC-USDT @ 1787361180
[replaying  87%] replaying BTC-USDT @ 1787361240
[replaying  87%] replaying BTC-USDT @ 1787361300
[replaying  87%] replaying BTC-USDT @ 1787361360
[replaying  87%] replaying BTC-USDT @ 1787361420
[replaying  87%] replaying BTC-USDT @ 1787361480
[replaying  87%] replaying BTC-USDT @ 1787361540
[replaying  88%] replaying BTC-USDT @ 1787361600
[replaying  88%] replaying BTC-USDT @ 1787361660
[replaying  88%] replaying BTC-USDT @ 1787361720
[replaying  88%] replaying BTC-USDT @ 1787361780
[replaying  88%] replaying BTC-USDT @ 1787361840
[replaying  88%] replaying BTC-USDT @ 1787361900
[replaying  89%] replaying BTC-USDT @ 1787361960
[replaying  89%] replaying BTC-USDT @ 1787362020
[replaying  89%] replaying BTC-USDT @ 1787362080
[replaying  89%] replaying BTC-USDT @ 1787362140
[replaying  89%] replaying BTC-USDT @ 1787362200
[replaying  89%] replaying BTC-USDT @ 1787362260
[replaying  89%] replaying BTC-USDT @ 1787362320
[replaying  90%] replaying BTC-USDT @ 1787362380
[replaying  90%] replaying BTC-USDT @ 1787362440
[replaying  90%] replaying BTC-USDT @ 1787362500
[replaying  90%] replaying BTC-USDT @ 1787362560
[replaying  90%] replaying BTC-USDT @ 1787362620
[replaying  90%] replaying BTC-USDT @ 1787362680
[replaying  91%] replaying BTC-USDT @ 1787362740
[replaying  91%] replaying BTC-USDT @ 1787362800
[replaying  91%] replaying BTC-USDT @ 1787362860
[replaying  91%] replaying BTC-USDT @ 1787362920
[replaying  91%] replaying BTC-USDT @ 1787362980
[replaying  91%] replaying BTC-USDT @ 1787363040
[replaying  92%] replaying BTC-USDT @ 1787363100
[replaying  92%] replaying BTC-USDT @ 1787363160
[replaying  92%] replaying BTC-USDT @ 1787363220
[replaying  92%] replaying BTC-USDT @ 1787363280
[replaying  92%] replaying BTC-USDT @ 1787363340
[replaying  92%] replaying BTC-USDT @ 1787363400
[replaying  93%] replaying BTC-USDT @ 1787363460
[replaying  93%] replaying BTC-USDT @ 1787363520
[replaying  93%] replaying BTC-USDT @ 1787363580
[replaying  93%] replaying BTC-USDT @ 1787363640
[replaying  93%] replaying BTC-USDT @ 1787363700
[replaying  93%] replaying BTC-USDT @ 1787363760
[replaying  94%] replaying BTC-USDT @ 1787363820
[replaying  94%] replaying BTC-USDT @ 1787363880
[replaying  94%] replaying BTC-USDT @ 1787363940
[replaying  94%] replaying BTC-USDT @ 1787364000
[replaying  94%] replaying BTC-USDT @ 1787364060
[replaying  94%] replaying BTC-USDT @ 1787364120
[replaying  95%] replaying BTC-USDT @ 1787364180
[replaying  95%] replaying BTC-USDT @ 1787364240
[replaying  95%] replaying BTC-USDT @ 1787364300
[replaying  95%] replaying BTC-USDT @ 1787364360
[replaying  95%] replaying BTC-USDT @ 1787364420
[replaying  95%] replaying BTC-USDT @ 1787364480
[replaying  96%] replaying BTC-USDT @ 1787364540
[replaying  96%] replaying BTC-USDT @ 1787364600
[replaying  96%] replaying BTC-USDT @ 1787364660
[replaying  96%] replaying BTC-USDT @ 1787364720
[replaying  96%] replaying BTC-USDT @ 1787364780
[replaying  96%] replaying BTC-USDT @ 1787364840
[replaying  97%] replaying BTC-USDT @ 1787364900
[replaying  97%] replaying BTC-USDT @ 1787364960
[replaying  97%] replaying BTC-USDT @ 1787365020
[replaying  97%] replaying BTC-USDT @ 1787365080
[replaying  97%] replaying BTC-USDT @ 1787365140
[replaying  97%] replaying BTC-USDT @ 1787365200
[replaying  98%] replaying BTC-USDT @ 1787365260
[replaying  98%] replaying BTC-USDT @ 1787365320
[replaying  98%] replaying BTC-USDT @ 1787365380
[replaying  98%] replaying BTC-USDT @ 1787365440
[replaying  98%] replaying BTC-USDT @ 1787365500
[replaying  98%] replaying BTC-USDT @ 1787365560
[replaying  99%] replaying BTC-USDT @ 1787365620
[replaying  99%] replaying BTC-USDT @ 1787365680
[replaying  99%] replaying BTC-USDT @ 1787365740
[replaying  99%] replaying BTC-USDT @ 1787365800
[replaying  99%] replaying BTC-USDT @ 1787365860
[replaying  99%] replaying BTC-USDT @ 1787365920
[replaying 100%] replaying BTC-USDT @ 1787365980
[replaying 100%] replaying BTC-USDT @ 1787366040
[replaying 100%] replaying BTC-USDT @ 1787366100
[replaying 100%] replaying BTC-USDT @ 1787366160
[analyzing 100%] analysis complete
OK run=52 trades=1 equity_points=609 final_equity=999.43
